Component: ARM Compiler 5.06 update 2 (build 183) Tool: armlink [4d35b7]

==============================================================================

Section Cross References

    stm32f3xx_hal.o(i.HAL_DeInit) refers to stm32f3xx_hal.o(i.HAL_MspDeInit) for HAL_MspDeInit
    stm32f3xx_hal.o(i.HAL_Delay) refers to stm32f3xx_hal.o(i.HAL_GetTick) for HAL_GetTick
    stm32f3xx_hal.o(i.HAL_GetTick) refers to stm32f3xx_hal.o(.data) for uwTick
    stm32f3xx_hal.o(i.HAL_IncTick) refers to stm32f3xx_hal.o(.data) for uwTick
    stm32f3xx_hal.o(i.HAL_Init) refers to stm32f3xx_hal_cortex.o(i.HAL_NVIC_SetPriorityGrouping) for HAL_NVIC_SetPriorityGrouping
    stm32f3xx_hal.o(i.HAL_Init) refers to stm32f3xx_hal.o(i.HAL_InitTick) for HAL_InitTick
    stm32f3xx_hal.o(i.HAL_Init) refers to stm32f3xx_hal.o(i.HAL_MspInit) for HAL_MspInit
    stm32f3xx_hal.o(i.HAL_InitTick) refers to stm32f3xx_hal_rcc.o(i.HAL_RCC_GetHCLKFreq) for HAL_RCC_GetHCLKFreq
    stm32f3xx_hal.o(i.HAL_InitTick) refers to stm32f3xx_hal_cortex.o(i.HAL_SYSTICK_Config) for HAL_SYSTICK_Config
    stm32f3xx_hal.o(i.HAL_InitTick) refers to stm32f3xx_hal_cortex.o(i.HAL_NVIC_SetPriority) for HAL_NVIC_SetPriority
    stm32f3xx_hal_cortex.o(i.HAL_NVIC_GetPriorityGrouping) refers to stm32f3xx_hal_cortex.o(i.NVIC_GetPriorityGrouping) for NVIC_GetPriorityGrouping
    stm32f3xx_hal_cortex.o(i.HAL_NVIC_SetPriority) refers to stm32f3xx_hal_cortex.o(i.NVIC_GetPriorityGrouping) for NVIC_GetPriorityGrouping
    stm32f3xx_hal_cortex.o(i.HAL_NVIC_SetPriority) refers to stm32f3xx_hal_cortex.o(i.NVIC_SetPriority) for NVIC_SetPriority
    stm32f3xx_hal_cortex.o(i.HAL_SYSTICK_Config) refers to stm32f3xx_hal_cortex.o(i.NVIC_SetPriority) for NVIC_SetPriority
    stm32f3xx_hal_cortex.o(i.HAL_SYSTICK_IRQHandler) refers to stm32f3xx_hal_cortex.o(i.HAL_SYSTICK_Callback) for HAL_SYSTICK_Callback
    stm32f3xx_hal_dma.o(i.HAL_DMA_Abort) refers to stm32f3xx_hal.o(i.HAL_GetTick) for HAL_GetTick
    stm32f3xx_hal_dma.o(i.HAL_DMA_PollForTransfer) refers to stm32f3xx_hal.o(i.HAL_GetTick) for HAL_GetTick
    stm32f3xx_hal_dma.o(i.HAL_DMA_Start) refers to stm32f3xx_hal_dma.o(i.DMA_SetConfig) for DMA_SetConfig
    stm32f3xx_hal_dma.o(i.HAL_DMA_Start_IT) refers to stm32f3xx_hal_dma.o(i.DMA_SetConfig) for DMA_SetConfig
    stm32f3xx_hal_gpio.o(i.HAL_GPIO_EXTI_IRQHandler) refers to task02.o(i.HAL_GPIO_EXTI_Callback) for HAL_GPIO_EXTI_Callback
    stm32f3xx_hal_rcc.o(i.HAL_RCC_ClockConfig) refers to stm32f3xx_hal.o(i.HAL_GetTick) for HAL_GetTick
    stm32f3xx_hal_rcc.o(i.HAL_RCC_ClockConfig) refers to stm32f3xx_hal.o(i.HAL_InitTick) for HAL_InitTick
    stm32f3xx_hal_rcc.o(i.HAL_RCC_GetHCLKFreq) refers to stm32f3xx_hal_rcc.o(i.HAL_RCC_GetSysClockFreq) for HAL_RCC_GetSysClockFreq
    stm32f3xx_hal_rcc.o(i.HAL_RCC_GetHCLKFreq) refers to stm32f3xx_hal_rcc.o(.constdata) for APBAHBPrescTable
    stm32f3xx_hal_rcc.o(i.HAL_RCC_GetHCLKFreq) refers to system_stm32f3xx.o(.data) for SystemCoreClock
    stm32f3xx_hal_rcc.o(i.HAL_RCC_GetPCLK1Freq) refers to stm32f3xx_hal_rcc.o(i.HAL_RCC_GetHCLKFreq) for HAL_RCC_GetHCLKFreq
    stm32f3xx_hal_rcc.o(i.HAL_RCC_GetPCLK1Freq) refers to stm32f3xx_hal_rcc.o(.constdata) for APBAHBPrescTable
    stm32f3xx_hal_rcc.o(i.HAL_RCC_GetPCLK2Freq) refers to stm32f3xx_hal_rcc.o(i.HAL_RCC_GetHCLKFreq) for HAL_RCC_GetHCLKFreq
    stm32f3xx_hal_rcc.o(i.HAL_RCC_GetPCLK2Freq) refers to stm32f3xx_hal_rcc.o(.constdata) for APBAHBPrescTable
    stm32f3xx_hal_rcc.o(i.HAL_RCC_GetSysClockFreq) refers to stm32f3xx_hal_rcc.o(.constdata) for PLLMULFactorTable
    stm32f3xx_hal_rcc.o(i.HAL_RCC_MCOConfig) refers to stm32f3xx_hal_gpio.o(i.HAL_GPIO_Init) for HAL_GPIO_Init
    stm32f3xx_hal_rcc.o(i.HAL_RCC_NMI_IRQHandler) refers to stm32f3xx_hal_rcc.o(i.HAL_RCC_CCSCallback) for HAL_RCC_CCSCallback
    stm32f3xx_hal_rcc.o(i.HAL_RCC_OscConfig) refers to stm32f3xx_hal.o(i.HAL_GetTick) for HAL_GetTick
    stm32f3xx_hal_spi.o(i.HAL_SPI_DMAError) refers to stm32f3xx_hal_spi.o(i.HAL_SPI_ErrorCallback) for HAL_SPI_ErrorCallback
    stm32f3xx_hal_spi.o(i.HAL_SPI_DMAReceiveCplt) refers to stm32f3xx_hal_spi.o(i.SPI_WaitFlagStateUntilTimeout) for SPI_WaitFlagStateUntilTimeout
    stm32f3xx_hal_spi.o(i.HAL_SPI_DMAReceiveCplt) refers to stm32f3xx_hal_spi.o(i.SPI_EndRxTransaction) for SPI_EndRxTransaction
    stm32f3xx_hal_spi.o(i.HAL_SPI_DMAReceiveCplt) refers to stm32f3xx_hal_spi.o(i.HAL_SPI_RxCpltCallback) for HAL_SPI_RxCpltCallback
    stm32f3xx_hal_spi.o(i.HAL_SPI_DMAReceiveCplt) refers to stm32f3xx_hal_spi.o(i.HAL_SPI_ErrorCallback) for HAL_SPI_ErrorCallback
    stm32f3xx_hal_spi.o(i.HAL_SPI_DMATransmitCplt) refers to stm32f3xx_hal_spi.o(i.SPI_EndRxTxTransaction) for SPI_EndRxTxTransaction
    stm32f3xx_hal_spi.o(i.HAL_SPI_DMATransmitCplt) refers to stm32f3xx_hal_spi.o(i.HAL_SPI_ErrorCallback) for HAL_SPI_ErrorCallback
    stm32f3xx_hal_spi.o(i.HAL_SPI_DMATransmitCplt) refers to stm32f3xx_hal_spi.o(i.HAL_SPI_TxCpltCallback) for HAL_SPI_TxCpltCallback
[...]
    rt_system.o(i.rt_suspend) refers to rt_timer.o(.data) for os_tmr
    rt_system.o(i.rt_systick) refers to rt_list.o(i.rt_put_rdy_first) for rt_put_rdy_first
    rt_system.o(i.rt_systick) refers to rt_robin.o(i.rt_chk_robin) for rt_chk_robin
    rt_system.o(i.rt_systick) refers to rt_list.o(i.rt_dec_dly) for rt_dec_dly
    rt_system.o(i.rt_systick) refers to rt_timer.o(i.rt_tmr_tick) for rt_tmr_tick
    rt_system.o(i.rt_systick) refers to rt_list.o(i.rt_get_first) for rt_get_first
    rt_system.o(i.rt_systick) refers to rt_task.o(i.rt_switch_req) for rt_switch_req
    rt_system.o(i.rt_systick) refers to rt_task.o(.data) for os_tsk
    rt_system.o(i.rt_systick) refers to rt_time.o(.data) for os_time
    rt_system.o(i.rt_systick) refers to rt_list.o(.bss) for os_rdy
    rt_system.o(i.rt_tsk_lock) refers to rt_system.o(.data) for os_tick_irqn
    rt_system.o(i.rt_tsk_unlock) refers to rt_system.o(.data) for os_tick_irqn
    rt_task.o(i.rt_block) refers to rt_list.o(i.rt_put_dly) for rt_put_dly
    rt_task.o(i.rt_block) refers to rt_list.o(i.rt_get_first) for rt_get_first
    rt_task.o(i.rt_block) refers to rt_task.o(i.rt_switch_req) for rt_switch_req
    rt_task.o(i.rt_block) refers to rt_task.o(.data) for os_tsk
    rt_task.o(i.rt_block) refers to rt_list.o(.bss) for os_rdy
    rt_task.o(i.rt_dispatch) refers to rt_list.o(i.rt_get_first) for rt_get_first
    rt_task.o(i.rt_dispatch) refers to rt_task.o(i.rt_switch_req) for rt_switch_req
    rt_task.o(i.rt_dispatch) refers to rt_list.o(i.rt_put_rdy_first) for rt_put_rdy_first
    rt_task.o(i.rt_dispatch) refers to rt_list.o(i.rt_put_prio) for rt_put_prio
    rt_task.o(i.rt_dispatch) refers to rt_list.o(.bss) for os_rdy
    rt_task.o(i.rt_dispatch) refers to rt_task.o(.data) for os_tsk
    rt_task.o(i.rt_get_TID) refers to rtx_conf_cm.o(.bss) for os_active_TCB
    rt_task.o(i.rt_get_TID) refers to rtx_conf_cm.o(.constdata) for os_maxtaskrun
    rt_task.o(i.rt_init_context) refers to rt_membox.o(i.rt_alloc_box) for rt_alloc_box
    rt_task.o(i.rt_init_context) refers to hal_cm3.o(i.rt_init_stack) for rt_init_stack
    rt_task.o(i.rt_init_context) refers to rtx_conf_cm.o(.bss) for mp_stk
    rt_task.o(i.rt_switch_req) refers to rt_task.o(.data) for os_tsk
    rt_task.o(i.rt_sys_init) refers to rt_membox.o(i._init_box) for _init_box
    rt_task.o(i.rt_sys_init) refers to rt_task.o(i.rt_init_context) for rt_init_context
    rt_task.o(i.rt_sys_init) refers to hal_cm3.o(.emb_text) for rt_set_PSP
    rt_task.o(i.rt_sys_init) refers to rt_robin.o(i.rt_init_robin) for rt_init_robin
    rt_task.o(i.rt_sys_init) refers to rt_system.o(i.os_tick_init) for os_tick_init
    rt_task.o(i.rt_sys_init) refers to rt_task.o(i.rt_tsk_create) for rt_tsk_create
    rt_task.o(i.rt_sys_init) refers to rtx_conf_cm.o(.bss) for os_active_TCB
    rt_task.o(i.rt_sys_init) refers to rtx_conf_cm.o(.constdata) for os_maxtaskrun
    rt_task.o(i.rt_sys_init) refers to rtx_conf_cm.o(.data) for m_tmr
    rt_task.o(i.rt_sys_init) refers to rt_task.o(.bss) for os_idle_TCB
    rt_task.o(i.rt_sys_init) refers to rtx_conf_cm.o(i.os_idle_demon) for os_idle_demon
    rt_task.o(i.rt_sys_init) refers to rt_list.o(.bss) for os_rdy
    rt_task.o(i.rt_sys_init) refers to rt_task.o(.data) for os_tsk
    rt_task.o(i.rt_sys_init) refers to rt_system.o(.data) for os_tick_irqn
    rt_task.o(i.rt_tsk_create) refers to rt_membox.o(i.rt_alloc_box) for rt_alloc_box
    rt_task.o(i.rt_tsk_create) refers to rt_task.o(i.rt_init_context) for rt_init_context
    rt_task.o(i.rt_tsk_create) refers to rt_task.o(i.rt_get_TID) for rt_get_TID
    rt_task.o(i.rt_tsk_create) refers to rt_task.o(i.rt_dispatch) for rt_dispatch
    rt_task.o(i.rt_tsk_create) refers to rtx_conf_cm.o(.bss) for mp_tcb
    rt_task.o(i.rt_tsk_create) refers to rt_task.o(.data) for os_tsk
    rt_task.o(i.rt_tsk_delete) refers to hal_cm3.o(.emb_text) for rt_get_PSP
    rt_task.o(i.rt_tsk_delete) refers to rt_system.o(i.rt_stk_check) for rt_stk_check
    rt_task.o(i.rt_tsk_delete) refers to rt_list.o(i.rt_get_first) for rt_get_first
    rt_task.o(i.rt_tsk_delete) refers to rt_list.o(i.rt_rmv_dly) for rt_rmv_dly
    rt_task.o(i.rt_tsk_delete) refers to rt_list.o(i.rt_put_prio) for rt_put_prio
    rt_task.o(i.rt_tsk_delete) refers to rt_membox.o(i.rt_free_box) for rt_free_box
    rt_task.o(i.rt_tsk_delete) refers to rt_task.o(i.rt_dispatch) for rt_dispatch
    rt_task.o(i.rt_tsk_delete) refers to rt_list.o(i.rt_rmv_list) for rt_rmv_list
    rt_task.o(i.rt_tsk_delete) refers to rt_task.o(.data) for os_tsk
    rt_task.o(i.rt_tsk_delete) refers to rt_list.o(.bss) for os_rdy
    rt_task.o(i.rt_tsk_delete) refers to rtx_conf_cm.o(.bss) for os_active_TCB
    rt_task.o(i.rt_tsk_delete) refers to rtx_conf_cm.o(.constdata) for os_maxtaskrun
    rt_task.o(i.rt_tsk_pass) refers to rt_list.o(i.rt_get_same_rdy_prio) for rt_get_same_rdy_prio
    rt_task.o(i.rt_tsk_pass) refers to rt_list.o(i.rt_put_prio) for rt_put_prio
    rt_task.o(i.rt_tsk_pass) refers to rt_task.o(i.rt_switch_req) for rt_switch_req
    rt_task.o(i.rt_tsk_pass) refers to rt_task.o(.data) for os_tsk
    rt_task.o(i.rt_tsk_pass) refers to rt_list.o(.bss) for os_rdy
    rt_task.o(i.rt_tsk_prio) refers to rt_list.o(i.rt_put_prio) for rt_put_prio
    rt_task.o(i.rt_tsk_prio) refers to rt_task.o(i.rt_dispatch) for rt_dispatch
    rt_task.o(i.rt_tsk_prio) refers to rt_list.o(i.rt_resort_prio) for rt_resort_prio
    rt_task.o(i.rt_tsk_prio) refers to rt_list.o(i.rt_get_first) for rt_get_first
    rt_task.o(i.rt_tsk_prio) refers to rt_task.o(.data) for os_tsk
    rt_task.o(i.rt_tsk_prio) refers to rt_list.o(.bss) for os_rdy
    rt_task.o(i.rt_tsk_prio) refers to rtx_conf_cm.o(.constdata) for os_maxtaskrun
    rt_task.o(i.rt_tsk_prio) refers to rtx_conf_cm.o(.bss) for os_active_TCB
    rt_task.o(i.rt_tsk_self) refers to rt_task.o(.data) for os_tsk
    rt_time.o(i.rt_dly_wait) refers to rt_task.o(i.rt_block) for rt_block
    rt_time.o(i.rt_itv_set) refers to rt_task.o(.data) for os_tsk
    rt_time.o(i.rt_itv_set) refers to rt_time.o(.data) for os_time
    rt_time.o(i.rt_itv_wait) refers to rt_task.o(i.rt_block) for rt_block
    rt_time.o(i.rt_itv_wait) refers to rt_task.o(.data) for os_tsk
    rt_time.o(i.rt_itv_wait) refers to rt_time.o(.data) for os_time
    rt_time.o(i.rt_time_get) refers to rt_time.o(.data) for os_time
    rt_timer.o(i.rt_tmr_create) refers to rt_membox.o(i.rt_alloc_box) for rt_alloc_box
    rt_timer.o(i.rt_tmr_create) refers to rtx_conf_cm.o(.data) for m_tmr
    rt_timer.o(i.rt_tmr_create) refers to rt_timer.o(.data) for os_tmr
    rt_timer.o(i.rt_tmr_kill) refers to rt_membox.o(i.rt_free_box) for rt_free_box
    rt_timer.o(i.rt_tmr_kill) refers to rt_timer.o(.data) for os_tmr
    rt_timer.o(i.rt_tmr_kill) refers to rtx_conf_cm.o(.data) for m_tmr
    rt_timer.o(i.rt_tmr_tick) refers to rtx_conf_cm.o(i.os_tmr_call) for os_tmr_call
    rt_timer.o(i.rt_tmr_tick) refers to rt_membox.o(i.rt_free_box) for rt_free_box
    rt_timer.o(i.rt_tmr_tick) refers to rt_timer.o(.data) for os_tmr
    rt_timer.o(i.rt_tmr_tick) refers to rtx_conf_cm.o(.data) for m_tmr
    hal_cm3.o(.emb_text) refers to rtx_conf_cm.o(.constdata) for os_flags
    hal_cm3.o(.emb_text) refers to rt_membox.o(i.rt_alloc_box) for rt_alloc_box
    hal_cm3.o(.emb_text) refers to rt_membox.o(i.rt_free_box) for rt_free_box
    hal_cm3.o(.emb_text) refers to rt_system.o(i.rt_stk_check) for rt_stk_check
    hal_cm3.o(.emb_text) refers to rt_task.o(.data) for os_tsk
    hal_cm3.o(.emb_text) refers to svc_table.o(SVC_TABLE) for SVC_Count
    hal_cm3.o(.emb_text) refers to rt_system.o(i.rt_pop_req) for rt_pop_req
    hal_cm3.o(.emb_text) refers to rt_system.o(i.rt_systick) for rt_systick
    hal_cm3.o(.emb_text) refers to rt_system.o(i.os_tick_irqack) for os_tick_irqack
    hal_cm3.o(i.dbg_init) refers to hal_cm3.o(.data) for dbg_msg
    hal_cm3.o(i.rt_init_stack) refers to rtx_conf_cm.o(.constdata) for os_stackinfo
    task02.o(i.CalculateValue) refers to memseta.o(.text) for __aeabi_memclr4
    task02.o(i.CalculateValue) refers to task02.o(i.ToggleLED) for ToggleLED
    task02.o(i.CalculateValue) refers to fdiv.o(.text) for __aeabi_fdiv
    task02.o(i.CalculateValue) refers to fadd.o(.text) for __aeabi_fadd
    task02.o(i.CalculateValue) refers to fmul.o(.text) for __aeabi_fmul
    task02.o(i.CalculateValue) refers to rt_event.o(i.rt_evt_wait) for rt_evt_wait
    task02.o(i.CalculateValue) refers to task02.o(.bss) for process_store
    task02.o(i.CalculateValue) refers to task02.o(.data) for selection
    task02.o(i.DimLED) refers to task02.o(.data) for GPIO_E
    task02.o(i.DimLED) refers to rt_time.o(i.rt_dly_wait) for rt_dly_wait
    task02.o(i.FilterData) refers to memcpya.o(.text) for __aeabi_memcpy4
    task02.o(i.FilterData) refers to task02.o(i.ToggleLED) for ToggleLED
    task02.o(i.FilterData) refers to ffltui.o(.text) for __aeabi_ui2f
    task02.o(i.FilterData) refers to fmul.o(.text) for __aeabi_fmul
    task02.o(i.FilterData) refers to fadd.o(.text) for __aeabi_fadd
    task02.o(i.FilterData) refers to task02.o(.constdata) for .constdata
    task02.o(i.FilterData) refers to rt_event.o(i.rt_evt_wait) for rt_evt_wait
    task02.o(i.FilterData) refers to task02.o(.bss) for input_store
    task02.o(i.FilterData) refers to task02.o(.data) for CV
    task02.o(i.FilterData) refers to rt_event.o(i.rt_evt_set) for rt_evt_set
    task02.o(i.GenerateData) refers to task02.o(i.ToggleLED) for ToggleLED
    task02.o(i.GenerateData) refers to rand.o(.text) for rand
    task02.o(i.GenerateData) refers to rt_event.o(i.rt_evt_wait) for rt_evt_wait
    task02.o(i.GenerateData) refers to rt_time.o(i.rt_dly_wait) for rt_dly_wait
    task02.o(i.GenerateData) refers to task02.o(.bss) for data_store
    task02.o(i.GenerateData) refers to task02.o(.data) for ID
    task02.o(i.GenerateData) refers to rt_event.o(i.rt_evt_set) for rt_evt_set
    task02.o(i.GetUserInput) refers to task02.o(i.LightLED) for LightLED
    task02.o(i.GetUserInput) refers to task02.o(i.DimLED) for DimLED
    task02.o(i.GetUserInput) refers to task02.o(.data) for selection
    task02.o(i.GetUserInput) refers to rt_event.o(i.rt_evt_wait) for rt_evt_wait
    task02.o(i.GetUserInput) refers to rt_time.o(i.rt_dly_wait) for rt_dly_wait
    task02.o(i.HAL_GPIO_EXTI_Callback) refers to rt_event.o(i.isr_evt_set) for isr_evt_set
    task02.o(i.HAL_GPIO_EXTI_Callback) refers to task02.o(.data) for UB
    task02.o(i.InputData) refers to task02.o(i.ToggleLED) for ToggleLED
    task02.o(i.InputData) refers to rt_task.o(i.rt_tsk_self) for rt_tsk_self
    task02.o(i.InputData) refers to task02.o(.data) for ID
    task02.o(i.InputData) refers to task02.o(i.GenerateData) for GenerateData
    task02.o(i.InputData) refers to rt_task.o(i.rt_tsk_create) for rt_tsk_create
    task02.o(i.InputData) refers to task02.o(i.FilterData) for FilterData
    task02.o(i.InputData) refers to task02.o(i.GetUserInput) for GetUserInput
    task02.o(i.InputData) refers to task02.o(i.CalculateValue) for CalculateValue
    task02.o(i.InputData) refers to rt_event.o(i.rt_evt_set) for rt_evt_set
    task02.o(i.InputData) refers to rt_event.o(i.rt_evt_wait) for rt_evt_wait
    task02.o(i.InputData) refers to task02.o(.bss) for data_store
    task02.o(i.LightLED) refers to task02.o(.data) for GPIO_E
    task02.o(i.LightLED) refers to rt_time.o(i.rt_dly_wait) for rt_dly_wait
    task02.o(i.SetUpPorts) refers to stm32f3xx_hal_gpio.o(i.HAL_GPIO_Init) for HAL_GPIO_Init
    task02.o(i.SetUpPorts) refers to stm32f3xx_hal_cortex.o(i.HAL_NVIC_SetPriority) for HAL_NVIC_SetPriority
    task02.o(i.SetUpPorts) refers to stm32f3xx_hal_cortex.o(i.HAL_NVIC_EnableIRQ) for HAL_NVIC_EnableIRQ
    task02.o(i.SetUpPorts) refers to task02.o(.data) for GPIO_E
    task02.o(i.ToggleLED) refers to task02.o(.data) for GPIO_E
    task02.o(i.ToggleLED) refers to rt_time.o(i.rt_dly_wait) for rt_dly_wait
    task02.o(i.main) refers to board_startup.o(i.board_startup) for board_startup
    task02.o(i.main) refers to task02.o(i.SetUpPorts) for SetUpPorts
    task02.o(i.main) refers to hal_cm3.o(.emb_text) for os_set_env
    task02.o(i.main) refers to task02.o(.data) for GPIO_E
    task02.o(i.main) refers to task02.o(i.InputData) for InputData
    task02.o(i.main) refers to rt_task.o(i.rt_sys_init) for rt_sys_init
    startup_stm32f303xc.o(RESET) refers to startup_stm32f303xc.o(STACK) for __initial_sp
    startup_stm32f303xc.o(RESET) refers to startup_stm32f303xc.o(.text) for Reset_Handler
    startup_stm32f303xc.o(RESET) refers to stm32f3xx_it.o(i.NMI_Handler) for NMI_Handler
    startup_stm32f303xc.o(RESET) refers to stm32f3xx_it.o(i.HardFault_Handler) for HardFault_Handler
    startup_stm32f303xc.o(RESET) refers to stm32f3xx_it.o(i.MemManage_Handler) for MemManage_Handler
    startup_stm32f303xc.o(RESET) refers to stm32f3xx_it.o(i.BusFault_Handler) for BusFault_Handler
    startup_stm32f303xc.o(RESET) refers to stm32f3xx_it.o(i.UsageFault_Handler) for UsageFault_Handler
    startup_stm32f303xc.o(RESET) refers to hal_cm3.o(.emb_text) for SVC_Handler
    startup_stm32f303xc.o(RESET) refers to stm32f3xx_it.o(i.DebugMon_Handler) for DebugMon_Handler
    startup_stm32f303xc.o(RESET) refers to stm32f3xx_it.o(i.EXTI0_IRQHandler) for EXTI0_IRQHandler
    startup_stm32f303xc.o(.text) refers to system_stm32f3xx.o(i.SystemInit) for SystemInit
    startup_stm32f303xc.o(.text) refers to entry.o(.ARM.Collect$$$$00000000) for __main
    system_stm32f3xx.o(i.SystemCoreClockUpdate) refers to system_stm32f3xx.o(.data) for SystemCoreClock
    entry.o(.ARM.Collect$$$$00000000) refers (Special) to entry10a.o(.ARM.Collect$$$$0000000D) for __rt_final_cpp
    entry.o(.ARM.Collect$$$$00000000) refers (Special) to entry11a.o(.ARM.Collect$$$$0000000F) for __rt_final_exit
    entry.o(.ARM.Collect$$$$00000000) refers (Special) to entry7b.o(.ARM.Collect$$$$00000008) for _main_clock
    entry.o(.ARM.Collect$$$$00000000) refers (Special) to entry8b.o(.ARM.Collect$$$$0000000A) for _main_cpp_init
    entry.o(.ARM.Collect$$$$00000000) refers (Special) to entry9a.o(.ARM.Collect$$$$0000000B) for _main_init
    entry.o(.ARM.Collect$$$$00000000) refers (Special) to entry5.o(.ARM.Collect$$$$00000004) for _main_scatterload
    entry.o(.ARM.Collect$$$$00000000) refers (Special) to entry2.o(.ARM.Collect$$$$00000001) for _main_stk
    rand.o(.text) refers to rand.o(.data) for .data
    fadd.o(.text) refers (Special) to iusefp.o(.text) for __I$use$fp
    fadd.o(.text) refers to fepilogue.o(.text) for _float_epilogue
    fmul.o(.text) refers (Special) to iusefp.o(.text) for __I$use$fp
    fdiv.o(.text) refers (Special) to iusefp.o(.text) for __I$use$fp
    fdiv.o(.text) refers to fepilogue.o(.text) for _float_round
    ffltui.o(.text) refers (Special) to iusefp.o(.text) for __I$use$fp
    ffltui.o(.text) refers to fepilogue.o(.text) for _float_epilogue
    entry2.o(.ARM.Collect$$$$00000001) refers to entry2.o(.ARM.Collect$$$$00002712) for __lit__00000000
    entry2.o(.ARM.Collect$$$$00002712) refers to startup_stm32f303xc.o(STACK) for __initial_sp
    entry2.o(__vectab_stack_and_reset_area) refers to startup_stm32f303xc.o(STACK) for __initial_sp
    entry2.o(__vectab_stack_and_reset_area) refers to entry.o(.ARM.Collect$$$$00000000) for __main
    entry5.o(.ARM.Collect$$$$00000004) refers to init.o(.text) for __scatterload
    entry9a.o(.ARM.Collect$$$$0000000B) refers to task02.o(i.main) for main
    entry9b.o(.ARM.Collect$$$$0000000C) refers to task02.o(i.main) for main
    init.o(.text) refers to entry5.o(.ARM.Collect$$$$00000004) for __main_after_scatterload


==============================================================================

Removing Unused input sections from the image.

    Removing stm32f3xx_hal.o(.rev16_text), (4 bytes).
    Removing stm32f3xx_hal.o(.revsh_text), (4 bytes).
    Removing stm32f3xx_hal.o(i.HAL_DeInit), (44 bytes).
    Removing stm32f3xx_hal.o(i.HAL_Delay), (24 bytes).
    Removing stm32f3xx_hal.o(i.HAL_DisableDBGSleepMode), (20 bytes).
    Removing stm32f3xx_hal.o(i.HAL_DisableDBGStandbyMode), (20 bytes).
    Removing stm32f3xx_hal.o(i.HAL_DisableDBGStopMode), (20 bytes).
    Removing stm32f3xx_hal.o(i.HAL_EnableDBGSleepMode), (20 bytes).
    Removing stm32f3xx_hal.o(i.HAL_EnableDBGStandbyMode), (20 bytes).
    Removing stm32f3xx_hal.o(i.HAL_EnableDBGStopMode), (20 bytes).
    Removing stm32f3xx_hal.o(i.HAL_GetDEVID), (16 bytes).
    Removing stm32f3xx_hal.o(i.HAL_GetHalVersion), (6 bytes).
    Removing stm32f3xx_hal.o(i.HAL_GetREVID), (12 bytes).
    Removing stm32f3xx_hal.o(i.HAL_IncTick), (16 bytes).
    Removing stm32f3xx_hal.o(i.HAL_MspDeInit), (2 bytes).
    Removing stm32f3xx_hal.o(i.HAL_ResumeTick), (18 bytes).
    Removing stm32f3xx_hal.o(i.HAL_SuspendTick), (18 bytes).
    Removing stm32f3xx_hal_cortex.o(.rev16_text), (4 bytes).
    Removing stm32f3xx_hal_cortex.o(.revsh_text), (4 bytes).
    Removing stm32f3xx_hal_cortex.o(i.HAL_NVIC_ClearPendingIRQ), (28 bytes).
    Removing stm32f3xx_hal_cortex.o(i.HAL_NVIC_DisableIRQ), (28 bytes).
    Removing stm32f3xx_hal_cortex.o(i.HAL_NVIC_GetActive), (40 bytes).
    Removing stm32f3xx_hal_cortex.o(i.HAL_NVIC_GetPendingIRQ), (40 bytes).
    Removing stm32f3xx_hal_cortex.o(i.HAL_NVIC_GetPriority), (148 bytes).
    Removing stm32f3xx_hal_cortex.o(i.HAL_NVIC_GetPriorityGrouping), (8 bytes).
    Removing stm32f3xx_hal_cortex.o(i.HAL_NVIC_SetPendingIRQ), (28 bytes).
    Removing stm32f3xx_hal_cortex.o(i.HAL_NVIC_SystemReset), (44 bytes).
    Removing stm32f3xx_hal_cortex.o(i.HAL_SYSTICK_CLKSourceConfig), (40 bytes).
    Removing stm32f3xx_hal_cortex.o(i.HAL_SYSTICK_Callback), (2 bytes).
    Removing stm32f3xx_hal_cortex.o(i.HAL_SYSTICK_IRQHandler), (8 bytes).
    Removing stm32f3xx_hal_dma.o(.rev16_text), (4 bytes).
    Removing stm32f3xx_hal_dma.o(.revsh_text), (4 bytes).
    Removing stm32f3xx_hal_dma.o(i.DMA_SetConfig), (32 bytes).
    Removing stm32f3xx_hal_dma.o(i.HAL_DMA_Abort), (98 bytes).
    Removing stm32f3xx_hal_dma.o(i.HAL_DMA_DeInit), (1120 bytes).
    Removing stm32f3xx_hal_dma.o(i.HAL_DMA_GetError), (6 bytes).
    Removing stm32f3xx_hal_dma.o(i.HAL_DMA_GetState), (8 bytes).
    Removing stm32f3xx_hal_dma.o(i.HAL_DMA_IRQHandler), (2312 bytes).
    Removing stm32f3xx_hal_dma.o(i.HAL_DMA_Init), (72 bytes).
    Removing stm32f3xx_hal_dma.o(i.HAL_DMA_PollForTransfer), (1908 bytes).
    Removing stm32f3xx_hal_dma.o(i.HAL_DMA_Start), (82 bytes).
    Removing stm32f3xx_hal_dma.o(i.HAL_DMA_Start_IT), (118 bytes).
    Removing stm32f3xx_hal_gpio.o(.rev16_text), (4 bytes).
    Removing stm32f3xx_hal_gpio.o(.revsh_text), (4 bytes).
    Removing stm32f3xx_hal_gpio.o(i.HAL_GPIO_DeInit), (208 bytes).
    Removing stm32f3xx_hal_gpio.o(i.HAL_GPIO_EXTI_Callback), (2 bytes).
    Removing stm32f3xx_hal_gpio.o(i.HAL_GPIO_LockPin), (46 bytes).
    Removing stm32f3xx_hal_gpio.o(i.HAL_GPIO_ReadPin), (16 bytes).
    Removing stm32f3xx_hal_gpio.o(i.HAL_GPIO_TogglePin), (8 bytes).
    Removing stm32f3xx_hal_gpio.o(i.HAL_GPIO_WritePin), (10 bytes).
    Removing stm32f3xx_hal_rcc.o(.rev16_text), (4 bytes).
    Removing stm32f3xx_hal_rcc.o(.revsh_text), (4 bytes).
    Removing stm32f3xx_hal_rcc.o(i.HAL_RCC_CCSCallback), (2 bytes).
    Removing stm32f3xx_hal_rcc.o(i.HAL_RCC_DeInit), (72 bytes).
    Removing stm32f3xx_hal_rcc.o(i.HAL_RCC_DisableCSS), (12 bytes).
    Removing stm32f3xx_hal_rcc.o(i.HAL_RCC_EnableCSS), (12 bytes).
    Removing stm32f3xx_hal_rcc.o(i.HAL_RCC_GetClockConfig), (68 bytes).
    Removing stm32f3xx_hal_rcc.o(i.HAL_RCC_GetOscConfig), (200 bytes).
    Removing stm32f3xx_hal_rcc.o(i.HAL_RCC_GetPCLK1Freq), (44 bytes).
    Removing stm32f3xx_hal_rcc.o(i.HAL_RCC_GetPCLK2Freq), (44 bytes).
    Removing stm32f3xx_hal_rcc.o(i.HAL_RCC_MCOConfig), (72 bytes).
    Removing stm32f3xx_hal_rcc.o(i.HAL_RCC_NMI_IRQHandler), (32 bytes).
    Removing stm32f3xx_hal_spi.o(.rev16_text), (4 bytes).
    Removing stm32f3xx_hal_spi.o(.revsh_text), (4 bytes).
    Removing stm32f3xx_hal_spi.o(i.HAL_SPI_DMAError), (38 bytes).
    Removing stm32f3xx_hal_spi.o(i.HAL_SPI_DMAReceiveCplt), (206 bytes).
    Removing stm32f3xx_hal_spi.o(i.HAL_SPI_DMATransmitCplt), (112 bytes).
    Removing stm32f3xx_hal_spi.o(i.HAL_SPI_DMATransmitReceiveCplt), (202 bytes).
    Removing stm32f3xx_hal_spi.o(i.HAL_SPI_DeInit), (56 bytes).
    Removing stm32f3xx_hal_spi.o(i.HAL_SPI_ErrorCallback), (2 bytes).
    Removing stm32f3xx_hal_spi.o(i.HAL_SPI_GetState), (8 bytes).
    Removing stm32f3xx_hal_spi.o(i.HAL_SPI_IRQHandler), (220 bytes).
    Removing stm32f3xx_hal_spi.o(i.HAL_SPI_Init), (196 bytes).
    Removing stm32f3xx_hal_spi.o(i.HAL_SPI_MspDeInit), (2 bytes).
    Removing stm32f3xx_hal_spi.o(i.HAL_SPI_MspInit), (2 bytes).
    Removing stm32f3xx_hal_spi.o(i.HAL_SPI_Receive), (614 bytes).
    Removing stm32f3xx_hal_spi.o(i.HAL_SPI_Receive_DMA), (340 bytes).
    Removing stm32f3xx_hal_spi.o(i.HAL_SPI_Receive_IT), (316 bytes).
    Removing stm32f3xx_hal_spi.o(i.HAL_SPI_RxCpltCallback), (2 bytes).
    Removing stm32f3xx_hal_spi.o(i.HAL_SPI_Transmit), (390 bytes).
    Removing stm32f3xx_hal_spi.o(i.HAL_SPI_TransmitReceive), (796 bytes).
    Removing stm32f3xx_hal_spi.o(i.HAL_SPI_TransmitReceive_DMA), (508 bytes).
    Removing stm32f3xx_hal_spi.o(i.HAL_SPI_TransmitReceive_IT), (312 bytes).
    Removing stm32f3xx_hal_spi.o(i.HAL_SPI_Transmit_DMA), (308 bytes).
    Removing stm32f3xx_hal_spi.o(i.HAL_SPI_Transmit_IT), (216 bytes).
    Removing stm32f3xx_hal_spi.o(i.HAL_SPI_TxCpltCallback), (2 bytes).
    Removing stm32f3xx_hal_spi.o(i.HAL_SPI_TxRxCpltCallback), (2 bytes).
    Removing stm32f3xx_hal_spi.o(i.SPI_2linesRxISR_16BIT), (80 bytes).
    Removing stm32f3xx_hal_spi.o(i.SPI_2linesRxISR_16BITCRC), (32 bytes).
    Removing stm32f3xx_hal_spi.o(i.SPI_2linesRxISR_8BIT), (132 bytes).
    Removing stm32f3xx_hal_spi.o(i.SPI_2linesRxISR_8BITCRC), (44 bytes).
    Removing stm32f3xx_hal_spi.o(i.SPI_2linesTxISR_16BIT), (74 bytes).
    Removing stm32f3xx_hal_spi.o(i.SPI_2linesTxISR_8BIT), (100 bytes).
    Removing stm32f3xx_hal_spi.o(i.SPI_CloseRxTx_ISR), (106 bytes).
    Removing stm32f3xx_hal_spi.o(i.SPI_CloseRx_ISR), (90 bytes).
    Removing stm32f3xx_hal_spi.o(i.SPI_CloseTx_ISR), (68 bytes).
    Removing stm32f3xx_hal_spi.o(i.SPI_EndRxTransaction), (108 bytes).
    Removing stm32f3xx_hal_spi.o(i.SPI_EndRxTxTransaction), (104 bytes).
    Removing stm32f3xx_hal_spi.o(i.SPI_RxISR_16BIT), (92 bytes).
    Removing stm32f3xx_hal_spi.o(i.SPI_RxISR_16BITCRC), (32 bytes).
    Removing stm32f3xx_hal_spi.o(i.SPI_RxISR_8BIT), (88 bytes).
    Removing stm32f3xx_hal_spi.o(i.SPI_RxISR_8BITCRC), (28 bytes).
    Removing stm32f3xx_hal_spi.o(i.SPI_TxISR_16BIT), (56 bytes).
    Removing stm32f3xx_hal_spi.o(i.SPI_TxISR_8BIT), (54 bytes).
    Removing stm32f3xx_hal_spi.o(i.SPI_WaitFifoStateUntilTimeout), (174 bytes).
    Removing stm32f3xx_hal_spi.o(i.SPI_WaitFlagStateUntilTimeout), (160 bytes).
    Removing stm32f3xx_hal_i2c.o(.rev16_text), (4 bytes).
    Removing stm32f3xx_hal_i2c.o(.revsh_text), (4 bytes).
    Removing stm32f3xx_hal_i2c.o(i.HAL_I2C_DeInit), (56 bytes).
    Removing stm32f3xx_hal_i2c.o(i.HAL_I2C_ER_IRQHandler), (144 bytes).
    Removing stm32f3xx_hal_i2c.o(i.HAL_I2C_EV_IRQHandler), (386 bytes).
    Removing stm32f3xx_hal_i2c.o(i.HAL_I2C_ErrorCallback), (2 bytes).
    Removing stm32f3xx_hal_i2c.o(i.HAL_I2C_GetError), (8 bytes).
    Removing stm32f3xx_hal_i2c.o(i.HAL_I2C_GetState), (8 bytes).
    Removing stm32f3xx_hal_i2c.o(i.HAL_I2C_Init), (176 bytes).
    Removing stm32f3xx_hal_i2c.o(i.HAL_I2C_IsDeviceReady), (346 bytes).
    Removing stm32f3xx_hal_i2c.o(i.HAL_I2C_MasterRxCpltCallback), (2 bytes).
    Removing stm32f3xx_hal_i2c.o(i.HAL_I2C_MasterTxCpltCallback), (2 bytes).
    Removing stm32f3xx_hal_i2c.o(i.HAL_I2C_Master_Receive), (312 bytes).
    Removing stm32f3xx_hal_i2c.o(i.HAL_I2C_Master_Receive_DMA), (232 bytes).
    Removing stm32f3xx_hal_i2c.o(i.HAL_I2C_Master_Receive_IT), (180 bytes).
    Removing stm32f3xx_hal_i2c.o(i.HAL_I2C_Master_Transmit), (328 bytes).
    Removing stm32f3xx_hal_i2c.o(i.HAL_I2C_Master_Transmit_DMA), (248 bytes).
    Removing stm32f3xx_hal_i2c.o(i.HAL_I2C_Master_Transmit_IT), (176 bytes).
    Removing stm32f3xx_hal_i2c.o(i.HAL_I2C_MemRxCpltCallback), (2 bytes).
    Removing stm32f3xx_hal_i2c.o(i.HAL_I2C_MemTxCpltCallback), (2 bytes).
    Removing stm32f3xx_hal_i2c.o(i.HAL_I2C_Mem_Read), (380 bytes).
    Removing stm32f3xx_hal_i2c.o(i.HAL_I2C_Mem_Read_DMA), (292 bytes).
    Removing stm32f3xx_hal_i2c.o(i.HAL_I2C_Mem_Read_IT), (236 bytes).
    Removing stm32f3xx_hal_i2c.o(i.HAL_I2C_Mem_Write), (384 bytes).
    Removing stm32f3xx_hal_i2c.o(i.HAL_I2C_Mem_Write_DMA), (300 bytes).
    Removing stm32f3xx_hal_i2c.o(i.HAL_I2C_Mem_Write_IT), (238 bytes).
    Removing stm32f3xx_hal_i2c.o(i.HAL_I2C_MspDeInit), (2 bytes).
    Removing stm32f3xx_hal_i2c.o(i.HAL_I2C_MspInit), (2 bytes).
    Removing stm32f3xx_hal_i2c.o(i.HAL_I2C_SlaveRxCpltCallback), (2 bytes).
    Removing stm32f3xx_hal_i2c.o(i.HAL_I2C_SlaveTxCpltCallback), (2 bytes).
    Removing stm32f3xx_hal_i2c.o(i.HAL_I2C_Slave_Receive), (308 bytes).
    Removing stm32f3xx_hal_i2c.o(i.HAL_I2C_Slave_Receive_DMA), (208 bytes).
    Removing stm32f3xx_hal_i2c.o(i.HAL_I2C_Slave_Receive_IT), (102 bytes).
    Removing stm32f3xx_hal_i2c.o(i.HAL_I2C_Slave_Transmit), (358 bytes).
    Removing stm32f3xx_hal_i2c.o(i.HAL_I2C_Slave_Transmit_DMA), (256 bytes).
    Removing stm32f3xx_hal_i2c.o(i.HAL_I2C_Slave_Transmit_IT), (102 bytes).
    Removing stm32f3xx_hal_i2c.o(i.I2C_DMAError), (48 bytes).
    Removing stm32f3xx_hal_i2c.o(i.I2C_DMAMasterReceiveCplt), (496 bytes).
    Removing stm32f3xx_hal_i2c.o(i.I2C_DMAMasterTransmitCplt), (472 bytes).
    Removing stm32f3xx_hal_i2c.o(i.I2C_DMAMemReceiveCplt), (496 bytes).
    Removing stm32f3xx_hal_i2c.o(i.I2C_DMAMemTransmitCplt), (472 bytes).
    Removing stm32f3xx_hal_i2c.o(i.I2C_DMASlaveReceiveCplt), (138 bytes).
    Removing stm32f3xx_hal_i2c.o(i.I2C_DMASlaveTransmitCplt), (120 bytes).
    Removing stm32f3xx_hal_i2c.o(i.I2C_IsAcknowledgeFailed), (184 bytes).
    Removing stm32f3xx_hal_i2c.o(i.I2C_MasterReceive_ISR), (380 bytes).
    Removing stm32f3xx_hal_i2c.o(i.I2C_MasterTransmit_ISR), (376 bytes).
    Removing stm32f3xx_hal_i2c.o(i.I2C_RequestMemoryRead), (134 bytes).
    Removing stm32f3xx_hal_i2c.o(i.I2C_RequestMemoryWrite), (134 bytes).
    Removing stm32f3xx_hal_i2c.o(i.I2C_SlaveReceive_ISR), (204 bytes).
    Removing stm32f3xx_hal_i2c.o(i.I2C_SlaveTransmit_ISR), (222 bytes).
    Removing stm32f3xx_hal_i2c.o(i.I2C_TransferConfig), (48 bytes).
    Removing stm32f3xx_hal_i2c.o(i.I2C_WaitOnFlagUntilTimeout), (148 bytes).
    Removing stm32f3xx_hal_i2c.o(i.I2C_WaitOnRXNEFlagUntilTimeout), (132 bytes).
    Removing stm32f3xx_hal_i2c.o(i.I2C_WaitOnSTOPFlagUntilTimeout), (88 bytes).
    Removing stm32f3xx_hal_i2c.o(i.I2C_WaitOnTXISFlagUntilTimeout), (90 bytes).
    Removing stm32f3xx_it.o(.rev16_text), (4 bytes).
    Removing stm32f3xx_it.o(.revsh_text), (4 bytes).
    Removing stm32f3_discovery.o(.rev16_text), (4 bytes).
    Removing stm32f3_discovery.o(.revsh_text), (4 bytes).
    Removing stm32f3_discovery.o(i.BSP_GetVersion), (8 bytes).
    Removing stm32f3_discovery.o(i.BSP_LED_Init), (216 bytes).
    Removing stm32f3_discovery.o(i.BSP_LED_Off), (32 bytes).
    Removing stm32f3_discovery.o(i.BSP_LED_On), (32 bytes).
    Removing stm32f3_discovery.o(i.BSP_LED_Toggle), (32 bytes).
    Removing stm32f3_discovery.o(i.BSP_PB_GetState), (32 bytes).
    Removing stm32f3_discovery.o(i.BSP_PB_Init), (156 bytes).
    Removing stm32f3_discovery.o(i.COMPASSACCELERO_IO_ITConfig), (72 bytes).
    Removing stm32f3_discovery.o(i.COMPASSACCELERO_IO_Init), (104 bytes).
    Removing stm32f3_discovery.o(i.COMPASSACCELERO_IO_Read), (16 bytes).
    Removing stm32f3_discovery.o(i.COMPASSACCELERO_IO_Write), (20 bytes).
    Removing stm32f3_discovery.o(i.GYRO_IO_Init), (104 bytes).
    Removing stm32f3_discovery.o(i.GYRO_IO_Read), (76 bytes).
    Removing stm32f3_discovery.o(i.GYRO_IO_Write), (68 bytes).
    Removing stm32f3_discovery.o(i.I2Cx_Error), (20 bytes).
    Removing stm32f3_discovery.o(i.I2Cx_Init), (56 bytes).
    Removing stm32f3_discovery.o(i.I2Cx_MspInit), (68 bytes).
    Removing stm32f3_discovery.o(i.I2Cx_ReadData), (64 bytes).
    Removing stm32f3_discovery.o(i.I2Cx_WriteData), (56 bytes).
    Removing stm32f3_discovery.o(i.SPIx_Error), (20 bytes).
    Removing stm32f3_discovery.o(i.SPIx_Init), (84 bytes).
    Removing stm32f3_discovery.o(i.SPIx_MspInit), (68 bytes).
    Removing stm32f3_discovery.o(i.SPIx_WriteRead), (48 bytes).
    Removing stm32f3_discovery.o(.bss), (152 bytes).
    Removing stm32f3_discovery.o(.constdata), (19 bytes).
    Removing stm32f3_discovery.o(.data), (44 bytes).
    Removing board_startup.o(.rev16_text), (4 bytes).
    Removing board_startup.o(.revsh_text), (4 bytes).
    Removing rt_event.o(i.rt_evt_clr), (32 bytes).
    Removing rt_event.o(i.rt_evt_get), (12 bytes).
    Removing rt_list.o(i.rt_get_same_rdy_prio), (44 bytes).
    Removing rt_list.o(i.rt_resort_prio), (52 bytes).
    Removing rt_list.o(i.rt_rmv_list), (52 bytes).
    Removing rt_mailbox.o(i.isr_mbx_receive), (98 bytes).
    Removing rt_mailbox.o(i.isr_mbx_send), (22 bytes).
    Removing rt_mailbox.o(i.rt_mbx_check), (12 bytes).
    Removing rt_mailbox.o(i.rt_mbx_init), (32 bytes).
    Removing rt_mailbox.o(i.rt_mbx_send), (204 bytes).
    Removing rt_mailbox.o(i.rt_mbx_wait), (220 bytes).
    Removing rt_membox.o(i._calloc_box), (40 bytes).
    Removing rt_semaphore.o(i.isr_sem_send), (20 bytes).
    Removing rt_semaphore.o(i.rt_sem_init), (16 bytes).
    Removing rt_semaphore.o(i.rt_sem_send), (64 bytes).
    Removing rt_semaphore.o(i.rt_sem_wait), (80 bytes).
    Removing rt_system.o(.emb_text), (0 bytes).
    Removing rt_system.o(i.rt_resume), (236 bytes).
    Removing rt_system.o(i.rt_suspend), (52 bytes).
    Removing rt_system.o(i.rt_tsk_lock), (116 bytes).
    Removing rt_system.o(i.rt_tsk_unlock), (128 bytes).
    Removing rt_task.o(i.rt_tsk_delete), (384 bytes).
    Removing rt_task.o(i.rt_tsk_pass), (44 bytes).
    Removing rt_task.o(i.rt_tsk_prio), (172 bytes).
    Removing rt_time.o(i.rt_itv_set), (28 bytes).
    Removing rt_time.o(i.rt_itv_wait), (60 bytes).
    Removing rt_time.o(i.rt_time_get), (12 bytes).
    Removing rt_timer.o(i.rt_tmr_create), (100 bytes).
    Removing rt_timer.o(i.rt_tmr_kill), (60 bytes).
    Removing hal_cm3.o(i.dbg_init), (52 bytes).
    Removing hal_cm3.o(i.dbg_task_notify), (48 bytes).
    Removing hal_cm3.o(i.dbg_task_switch), (24 bytes).
    Removing hal_cm3.o(.data), (1 bytes).
    Removing task02.o(.rev16_text), (4 bytes).
    Removing task02.o(.revsh_text), (4 bytes).
    Removing startup_stm32f303xc.o(HEAP), (512 bytes).
    Removing system_stm32f3xx.o(.rev16_text), (4 bytes).
    Removing system_stm32f3xx.o(.revsh_text), (4 bytes).
    Removing system_stm32f3xx.o(i.SystemCoreClockUpdate), (160 bytes).

232 unused section(s) (total 28882 bytes) removed from the image.

==============================================================================

Image Symbol Table

    Local Symbols

    Symbol Name                              Value     Ov Type        Size  Object(Section)

    ../clib/microlib/init/entry.s            0x00000000   Number         0  entry5.o ABSOLUTE
    ../clib/microlib/init/entry.s            0x00000000   Number         0  entry10b.o ABSOLUTE
    ../clib/microlib/init/entry.s            0x00000000   Number         0  entry2.o ABSOLUTE
    ../clib/microlib/init/entry.s            0x00000000   Number         0  entry7a.o ABSOLUTE
    ../clib/microlib/init/entry.s            0x00000000   Number         0  entry7b.o ABSOLUTE
    ../clib/microlib/init/entry.s            0x00000000   Number         0  entry8a.o ABSOLUTE
    ../clib/microlib/init/entry.s            0x00000000   Number         0  entry8b.o ABSOLUTE
    ../clib/microlib/init/entry.s            0x00000000   Number         0  entry9a.o ABSOLUTE
    ../clib/microlib/init/entry.s            0x00000000   Number         0  entry9b.o ABSOLUTE
    ../clib/microlib/init/entry.s            0x00000000   Number         0  entry10a.o ABSOLUTE
    ../clib/microlib/init/entry.s            0x00000000   Number         0  entry11a.o ABSOLUTE
    ../clib/microlib/init/entry.s            0x00000000   Number         0  entry11b.o ABSOLUTE
    ../clib/microlib/init/entry.s            0x00000000   Number         0  entry.o ABSOLUTE
    ../clib/microlib/stdlib/rand.c           0x00000000   Number         0  rand.o ABSOLUTE
    ../clib/microlib/string/memcpy.c         0x00000000   Number         0  memcpyb.o ABSOLUTE
    ../clib/microlib/string/memcpy.c         0x00000000   Number         0  memcpya.o ABSOLUTE
    ../clib/microlib/string/memset.c         0x00000000   Number         0  memseta.o ABSOLUTE
    ../clib/microlib/stubs.s                 0x00000000   Number         0  iusefp.o ABSOLUTE
    ../fplib/microlib/fpadd.c                0x00000000   Number         0  fadd.o ABSOLUTE
    ../fplib/microlib/fpdiv.c                0x00000000   Number         0  fdiv.o ABSOLUTE
    ../fplib/microlib/fpepilogue.c           0x00000000   Number         0  fepilogue.o ABSOLUTE
    ../fplib/microlib/fpflt.c                0x00000000   Number         0  ffltui.o ABSOLUTE
    ../fplib/microlib/fpmul.c                0x00000000   Number         0  fmul.o ABSOLUTE
    Drivers\BSP\STM32F3-Discovery\stm32f3_discovery.c 0x00000000   Number         0  stm32f3_discovery.o ABSOLUTE
    Drivers\BSP\STM32F3-Discovery\stm32f3xx_it.c 0x00000000   Number         0  stm32f3xx_it.o ABSOLUTE
    Drivers\STM32F3xx_HAL_Driver\Src\stm32f3xx_hal.c 0x00000000   Number         0  stm32f3xx_hal.o ABSOLUTE
    Drivers\STM32F3xx_HAL_Driver\Src\stm32f3xx_hal_cortex.c 0x00000000   Number         0  stm32f3xx_hal_cortex.o ABSOLUTE
    Drivers\STM32F3xx_HAL_Driver\Src\stm32f3xx_hal_dma.c 0x00000000   Number         0  stm32f3xx_hal_dma.o ABSOLUTE
    Drivers\STM32F3xx_HAL_Driver\Src\stm32f3xx_hal_gpio.c 0x00000000   Number         0  stm32f3xx_hal_gpio.o ABSOLUTE
    Drivers\STM32F3xx_HAL_Driver\Src\stm32f3xx_hal_i2c.c 0x00000000   Number         0  stm32f3xx_hal_i2c.o ABSOLUTE
    Drivers\STM32F3xx_HAL_Driver\Src\stm32f3xx_hal_rcc.c 0x00000000   Number         0  stm32f3xx_hal_rcc.o ABSOLUTE
    Drivers\STM32F3xx_HAL_Driver\Src\stm32f3xx_hal_spi.c 0x00000000   Number         0  stm32f3xx_hal_spi.o ABSOLUTE
    Drivers\\BSP\\STM32F3-Discovery\\stm32f3_discovery.c 0x00000000   Number         0  stm32f3_discovery.o ABSOLUTE
    Drivers\\BSP\\STM32F3-Discovery\\stm32f3xx_it.c 0x00000000   Number         0  stm32f3xx_it.o ABSOLUTE
    Drivers\\STM32F3xx_HAL_Driver\\Src\\stm32f3xx_hal.c 0x00000000   Number         0  stm32f3xx_hal.o ABSOLUTE
    Drivers\\STM32F3xx_HAL_Driver\\Src\\stm32f3xx_hal_cortex.c 0x00000000   Number         0  stm32f3xx_hal_cortex.o ABSOLUTE
    Drivers\\STM32F3xx_HAL_Driver\\Src\\stm32f3xx_hal_dma.c 0x00000000   Number         0  stm32f3xx_hal_dma.o ABSOLUTE
    Drivers\\STM32F3xx_HAL_Driver\\Src\\stm32f3xx_hal_gpio.c 0x00000000   Number         0  stm32f3xx_hal_gpio.o ABSOLUTE
    Drivers\\STM32F3xx_HAL_Driver\\Src\\stm32f3xx_hal_i2c.c 0x00000000   Number         0  stm32f3xx_hal_i2c.o ABSOLUTE
    Drivers\\STM32F3xx_HAL_Driver\\Src\\stm32f3xx_hal_rcc.c 0x00000000   Number         0  stm32f3xx_hal_rcc.o ABSOLUTE
    Drivers\\STM32F3xx_HAL_Driver\\Src\\stm32f3xx_hal_spi.c 0x00000000   Number         0  stm32f3xx_hal_spi.o ABSOLUTE
    RTE\Device\STM32F303VC\startup_stm32f303xc.s 0x00000000   Number         0  startup_stm32f303xc.o ABSOLUTE
    RTE\Device\STM32F303VC\system_stm32f3xx.c 0x00000000   Number         0  system_stm32f3xx.o ABSOLUTE
    RTE\\Device\\STM32F303VC\\system_stm32f3xx.c 0x00000000   Number         0  system_stm32f3xx.o ABSOLUTE
    RTX\Src\HAL_CM3.c                        0x00000000   Number         0  hal_cm3.o ABSOLUTE
    RTX\Src\RTX_Conf_CM.c                    0x00000000   Number         0  rtx_conf_cm.o ABSOLUTE
    RTX\Src\SVC_Table.s                      0x00000000   Number         0  svc_table.o ABSOLUTE
    RTX\Src\rt_Event.c                       0x00000000   Number         0  rt_event.o ABSOLUTE
    RTX\Src\rt_List.c                        0x00000000   Number         0  rt_list.o ABSOLUTE
    RTX\Src\rt_Mailbox.c                     0x00000000   Number         0  rt_mailbox.o ABSOLUTE
    RTX\Src\rt_MemBox.c                      0x00000000   Number         0  rt_membox.o ABSOLUTE
    RTX\Src\rt_Robin.c                       0x00000000   Number         0  rt_robin.o ABSOLUTE
    RTX\Src\rt_Semaphore.c                   0x00000000   Number         0  rt_semaphore.o ABSOLUTE
    RTX\Src\rt_System.c                      0x00000000   Number         0  rt_system.o ABSOLUTE
    RTX\Src\rt_Task.c                        0x00000000   Number         0  rt_task.o ABSOLUTE
    RTX\Src\rt_Time.c                        0x00000000   Number         0  rt_time.o ABSOLUTE
    RTX\Src\rt_Timer.c                       0x00000000   Number         0  rt_timer.o ABSOLUTE
    RTX\\Src\\HAL_CM3.c                      0x00000000   Number         0  hal_cm3.o ABSOLUTE
    RTX\\Src\\rt_System.c                    0x00000000   Number         0  rt_system.o ABSOLUTE
    Src\\task02.c                            0x00000000   Number         0  task02.o ABSOLUTE
    Src\task02.c                             0x00000000   Number         0  task02.o ABSOLUTE
    StartUp\Src\board_startup.c              0x00000000   Number         0  board_startup.o ABSOLUTE
    StartUp\\Src\\board_startup.c            0x00000000   Number         0  board_startup.o ABSOLUTE
    dc.s                                     0x00000000   Number         0  dc.o ABSOLUTE
    handlers.s                               0x00000000   Number         0  handlers.o ABSOLUTE
    init.s                                   0x00000000   Number         0  init.o ABSOLUTE
    RESET                                    0x08000000   Section      392  startup_stm32f303xc.o(RESET)
    .ARM.Collect$$$$00000000                 0x08000188   Section        0  entry.o(.ARM.Collect$$$$00000000)
    .ARM.Collect$$$$00000001                 0x08000188   Section        4  entry2.o(.ARM.Collect$$$$00000001)
    .ARM.Collect$$$$00000004                 0x0800018c   Section        4  entry5.o(.ARM.Collect$$$$00000004)
    .ARM.Collect$$$$00000008                 0x08000190   Section        0  entry7b.o(.ARM.Collect$$$$00000008)
    .ARM.Collect$$$$0000000A                 0x08000190   Section        0  entry8b.o(.ARM.Collect$$$$0000000A)
    .ARM.Collect$$$$0000000B                 0x08000190   Section        8  entry9a.o(.ARM.Collect$$$$0000000B)
    .ARM.Collect$$$$0000000D                 0x08000198   Section        0  entry10a.o(.ARM.Collect$$$$0000000D)
    .ARM.Collect$$$$0000000F                 0x08000198   Section        0  entry11a.o(.ARM.Collect$$$$0000000F)
    .ARM.Collect$$$$00002712                 0x08000198   Section        4  entry2.o(.ARM.Collect$$$$00002712)
    __lit__00000000                          0x08000198   Data           4  entry2.o(.ARM.Collect$$$$00002712)
    .emb_text                                0x0800019c   Section      340  hal_cm3.o(.emb_text)
    .text                                    0x080002f0   Section       36  startup_stm32f303xc.o(.text)
    .text                                    0x08000314   Section        0  rand.o(.text)
    .text                                    0x08000338   Section        0  memcpya.o(.text)
    .text                                    0x0800035c   Section        0  memseta.o(.text)
    .text                                    0x08000380   Section        0  fadd.o(.text)
    .text                                    0x08000430   Section        0  fmul.o(.text)
    .text                                    0x08000494   Section        0  fdiv.o(.text)
    .text                                    0x08000510   Section        0  ffltui.o(.text)
    .text                                    0x0800051a   Section        0  fepilogue.o(.text)
    .text                                    0x0800051a   Section        0  iusefp.o(.text)
    .text                                    0x08000588   Section       36  init.o(.text)
    SVC_TABLE                                0x080005ac   Section        4  svc_table.o(SVC_TABLE)
    i.BusFault_Handler                       0x080005b0   Section        0  stm32f3xx_it.o(i.BusFault_Handler)
    i.CalculateValue                         0x080005b4   Section        0  task02.o(i.CalculateValue)
    i.DebugMon_Handler                       0x080006b4   Section        0  stm32f3xx_it.o(i.DebugMon_Handler)
    i.DimLED                                 0x080006b8   Section        0  task02.o(i.DimLED)
    i.EXTI0_IRQHandler                       0x080006dc   Section        0  stm32f3xx_it.o(i.EXTI0_IRQHandler)
    i.Error_Handler                          0x080006e6   Section        0  board_startup.o(i.Error_Handler)
    Error_Handler                            0x080006e7   Thumb Code     4  board_startup.o(i.Error_Handler)
    i.FilterData                             0x080006ec   Section        0  task02.o(i.FilterData)
    i.GenerateData                           0x080007f0   Section        0  task02.o(i.GenerateData)
    i.GetUserInput                           0x08000878   Section        0  task02.o(i.GetUserInput)
    i.HAL_GPIO_EXTI_Callback                 0x08000910   Section        0  task02.o(i.HAL_GPIO_EXTI_Callback)
    i.HAL_GPIO_EXTI_IRQHandler               0x08000928   Section        0  stm32f3xx_hal_gpio.o(i.HAL_GPIO_EXTI_IRQHandler)
    i.HAL_GPIO_Init                          0x08000944   Section        0  stm32f3xx_hal_gpio.o(i.HAL_GPIO_Init)
    i.HAL_GetTick                            0x08000b10   Section        0  stm32f3xx_hal.o(i.HAL_GetTick)
    i.HAL_Init                               0x08000b1c   Section        0  stm32f3xx_hal.o(i.HAL_Init)
    i.HAL_InitTick                           0x08000b44   Section        0  stm32f3xx_hal.o(i.HAL_InitTick)
    i.HAL_MspInit                            0x08000b68   Section        0  stm32f3xx_hal.o(i.HAL_MspInit)
    i.HAL_NVIC_EnableIRQ                     0x08000b6a   Section        0  stm32f3xx_hal_cortex.o(i.HAL_NVIC_EnableIRQ)
    i.HAL_NVIC_SetPriority                   0x08000b84   Section        0  stm32f3xx_hal_cortex.o(i.HAL_NVIC_SetPriority)
    i.HAL_NVIC_SetPriorityGrouping           0x08000c00   Section        0  stm32f3xx_hal_cortex.o(i.HAL_NVIC_SetPriorityGrouping)
    i.HAL_RCC_ClockConfig                    0x08000c28   Section        0  stm32f3xx_hal_rcc.o(i.HAL_RCC_ClockConfig)
    i.HAL_RCC_GetHCLKFreq                    0x0800105c   Section        0  stm32f3xx_hal_rcc.o(i.HAL_RCC_GetHCLKFreq)
    i.HAL_RCC_GetSysClockFreq                0x08001094   Section        0  stm32f3xx_hal_rcc.o(i.HAL_RCC_GetSysClockFreq)
    i.HAL_RCC_OscConfig                      0x08001120   Section        0  stm32f3xx_hal_rcc.o(i.HAL_RCC_OscConfig)
    i.HAL_SYSTICK_Config                     0x08001964   Section        0  stm32f3xx_hal_cortex.o(i.HAL_SYSTICK_Config)
    i.HardFault_Handler                      0x08001998   Section        0  stm32f3xx_it.o(i.HardFault_Handler)
    i.InputData                              0x0800199c   Section        0  task02.o(i.InputData)
    i.LightLED                               0x08001ab4   Section        0  task02.o(i.LightLED)
    i.MemManage_Handler                      0x08001ad8   Section        0  stm32f3xx_it.o(i.MemManage_Handler)
    i.NMI_Handler                            0x08001adc   Section        0  stm32f3xx_it.o(i.NMI_Handler)
    i.NVIC_GetPriorityGrouping               0x08001ae0   Section        0  stm32f3xx_hal_cortex.o(i.NVIC_GetPriorityGrouping)
    NVIC_GetPriorityGrouping                 0x08001ae1   Thumb Code    10  stm32f3xx_hal_cortex.o(i.NVIC_GetPriorityGrouping)
    i.NVIC_SetPriority                       0x08001af0   Section        0  stm32f3xx_hal_cortex.o(i.NVIC_SetPriority)
    NVIC_SetPriority                         0x08001af1   Thumb Code    32  stm32f3xx_hal_cortex.o(i.NVIC_SetPriority)
    i.SetUpPorts                             0x08001b18   Section        0  task02.o(i.SetUpPorts)
    i.SystemClock_Config                     0x08001b70   Section        0  board_startup.o(i.SystemClock_Config)
    SystemClock_Config                       0x08001b71   Thumb Code    80  board_startup.o(i.SystemClock_Config)
    i.SystemInit                             0x08001bc0   Section        0  system_stm32f3xx.o(i.SystemInit)
    i.ToggleLED                              0x08001c30   Section        0  task02.o(i.ToggleLED)
    i.UsageFault_Handler                     0x08001c54   Section        0  stm32f3xx_it.o(i.UsageFault_Handler)
    i.__scatterload_copy                     0x08001c58   Section       14  handlers.o(i.__scatterload_copy)
    i.__scatterload_null                     0x08001c66   Section        2  handlers.o(i.__scatterload_null)
    i.__scatterload_zeroinit                 0x08001c68   Section       14  handlers.o(i.__scatterload_zeroinit)
    i._init_box                              0x08001c76   Section        0  rt_membox.o(i._init_box)
    i.board_startup                          0x08001cd0   Section        0  board_startup.o(i.board_startup)
    i.isr_evt_set                            0x08001d14   Section        0  rt_event.o(i.isr_evt_set)
    i.main                                   0x08001d3c   Section        0  task02.o(i.main)
    i.os_error                               0x08001d70   Section        0  rtx_conf_cm.o(i.os_error)
    i.os_idle_demon                          0x08001d74   Section        0  rtx_conf_cm.o(i.os_idle_demon)
    i.os_tick_init                           0x08001d78   Section        0  rt_system.o(i.os_tick_init)
    i.os_tick_irqack                         0x08001da8   Section        0  rt_system.o(i.os_tick_irqack)
    i.os_tmr_call                            0x08001daa   Section        0  rtx_conf_cm.o(i.os_tmr_call)
    i.rt_alloc_box                           0x08001dac   Section        0  rt_membox.o(i.rt_alloc_box)
    i.rt_block                               0x08001dcc   Section        0  rt_task.o(i.rt_block)
    i.rt_chk_robin                           0x08001e04   Section        0  rt_robin.o(i.rt_chk_robin)
    i.rt_dec_dly                             0x08001e5c   Section        0  rt_list.o(i.rt_dec_dly)
    i.rt_dispatch                            0x08001ef0   Section        0  rt_task.o(i.rt_dispatch)
    i.rt_dly_wait                            0x08001f40   Section        0  rt_time.o(i.rt_dly_wait)
    i.rt_evt_psh                             0x08001f50   Section        0  rt_event.o(i.rt_evt_psh)
    i.rt_evt_set                             0x08001fa8   Section        0  rt_event.o(i.rt_evt_set)
    i.rt_evt_wait                            0x08002014   Section        0  rt_event.o(i.rt_evt_wait)
    i.rt_free_box                            0x08002088   Section        0  rt_membox.o(i.rt_free_box)
    i.rt_get_TID                             0x080020ac   Section        0  rt_task.o(i.rt_get_TID)
    rt_get_TID                               0x080020ad   Thumb Code    32  rt_task.o(i.rt_get_TID)
    i.rt_get_first                           0x080020d4   Section        0  rt_list.o(i.rt_get_first)
    i.rt_init_context                        0x08002108   Section        0  rt_task.o(i.rt_init_context)
    rt_init_context                          0x08002109   Thumb Code    72  rt_task.o(i.rt_init_context)
    i.rt_init_robin                          0x08002154   Section        0  rt_robin.o(i.rt_init_robin)
    i.rt_init_stack                          0x0800216c   Section        0  hal_cm3.o(i.rt_init_stack)
    i.rt_mbx_psh                             0x080021c0   Section        0  rt_mailbox.o(i.rt_mbx_psh)
    i.rt_pop_req                             0x08002298   Section        0  rt_system.o(i.rt_pop_req)
    i.rt_psh_req                             0x08002340   Section        0  rt_system.o(i.rt_psh_req)
    i.rt_psq_enq                             0x08002364   Section        0  rt_list.o(i.rt_psq_enq)
    i.rt_put_dly                             0x080023e0   Section        0  rt_list.o(i.rt_put_dly)
    i.rt_put_prio                            0x0800243c   Section        0  rt_list.o(i.rt_put_prio)
    i.rt_put_rdy_first                       0x0800247c   Section        0  rt_list.o(i.rt_put_rdy_first)
    i.rt_rmv_dly                             0x08002490   Section        0  rt_list.o(i.rt_rmv_dly)
    i.rt_sem_psh                             0x080024b8   Section        0  rt_semaphore.o(i.rt_sem_psh)
    i.rt_stk_check                           0x080024f0   Section        0  rt_system.o(i.rt_stk_check)
    i.rt_switch_req                          0x08002520   Section        0  rt_task.o(i.rt_switch_req)
    i.rt_sys_init                            0x08002530   Section        0  rt_task.o(i.rt_sys_init)
    i.rt_systick                             0x080026b4   Section        0  rt_system.o(i.rt_systick)
    i.rt_tmr_tick                            0x080026f8   Section        0  rt_timer.o(i.rt_tmr_tick)
    i.rt_tsk_create                          0x08002744   Section        0  rt_task.o(i.rt_tsk_create)
    i.rt_tsk_self                            0x080027ac   Section        0  rt_task.o(i.rt_tsk_self)
    .constdata                               0x080027c4   Section       48  stm32f3xx_hal_rcc.o(.constdata)
    .constdata                               0x080027f4   Section        4  rt_system.o(.constdata)
    __tagsym$$used                           0x080027f4   Number         0  rt_system.o(.constdata)
    .constdata                               0x080027f8   Section       40  rtx_conf_cm.o(.constdata)
    __tagsym$$used                           0x0800280c   Number         0  rtx_conf_cm.o(.constdata)
    __tagsym$$used                           0x08002810   Number         0  rtx_conf_cm.o(.constdata)
    .constdata                               0x08002820   Section       28  task02.o(.constdata)
    .data                                    0x20000000   Section        4  stm32f3xx_hal.o(.data)
    uwTick                                   0x20000000   Data           4  stm32f3xx_hal.o(.data)
    .data                                    0x20000004   Section        8  rt_robin.o(.data)
    .data                                    0x2000000c   Section        7  rt_system.o(.data)
    os_lock                                  0x20000010   Data           1  rt_system.o(.data)
    os_psh_flag                              0x20000011   Data           1  rt_system.o(.data)
    pend_flags                               0x20000012   Data           1  rt_system.o(.data)
    .data                                    0x20000014   Section        8  rt_task.o(.data)
    .data                                    0x2000001c   Section        4  rt_time.o(.data)
    .data                                    0x20000020   Section        8  rt_timer.o(.data)
    .data                                    0x20000028   Section        4  rtx_conf_cm.o(.data)
    .data                                    0x2000002c   Section       25  task02.o(.data)
    .data                                    0x20000048   Section       20  system_stm32f3xx.o(.data)
    .data                                    0x2000005c   Section        4  rand.o(.data)
    _rand_state                              0x2000005c   Data           4  rand.o(.data)
    .bss                                     0x20000060   Section       48  rt_list.o(.bss)
    .bss                                     0x20000090   Section       56  rt_task.o(.bss)
    .bss                                     0x200000c8   Section     4108  rtx_conf_cm.o(.bss)
    .bss                                     0x200010d4   Section       52  task02.o(.bss)
    STACK                                    0x20001108   Section     1024  startup_stm32f303xc.o(STACK)

    Global Symbols

    Symbol Name                              Value     Ov Type        Size  Object(Section)

    BuildAttributes$$THM_ISAv4$E$P$D$K$B$S$7EM$PE$A:L22UL41UL21$X:L11$S22US41US21$IEEE1$IW$USESV6$~STKCKD$USESV7$~SHL$OTIME$ROPI$EBA8$MICROLIB$REQ8$PRES8$EABIv2 0x00000000   Number         0  anon$$obj.o ABSOLUTE
    __ARM_use_no_argv                        0x00000000   Number         0  task02.o ABSOLUTE
    __cpp_initialize__aeabi_                  - Undefined Weak Reference
    __cxa_finalize                            - Undefined Weak Reference
    __decompress                              - Undefined Weak Reference
    _clock_init                               - Undefined Weak Reference
    _microlib_exit                            - Undefined Weak Reference
    __Vectors_Size                           0x00000188   Number         0  startup_stm32f303xc.o ABSOLUTE
    __RL_RTX_VER                             0x00000473   Number         0  rt_system.o ABSOLUTE
    __Vectors                                0x08000000   Data           4  startup_stm32f303xc.o(RESET)
    __Vectors_End                            0x08000188   Data           0  startup_stm32f303xc.o(RESET)
    __main                                   0x08000189   Thumb Code     0  entry.o(.ARM.Collect$$$$00000000)
    _main_stk                                0x08000189   Thumb Code     0  entry2.o(.ARM.Collect$$$$00000001)
    _main_scatterload                        0x0800018d   Thumb Code     0  entry5.o(.ARM.Collect$$$$00000004)
    __main_after_scatterload                 0x08000191   Thumb Code     0  entry5.o(.ARM.Collect$$$$00000004)
    _main_clock                              0x08000191   Thumb Code     0  entry7b.o(.ARM.Collect$$$$00000008)
    _main_cpp_init                           0x08000191   Thumb Code     0  entry8b.o(.ARM.Collect$$$$0000000A)
    _main_init                               0x08000191   Thumb Code     0  entry9a.o(.ARM.Collect$$$$0000000B)
    __rt_final_cpp                           0x08000199   Thumb Code     0  entry10a.o(.ARM.Collect$$$$0000000D)
    __rt_final_exit                          0x08000199   Thumb Code     0  entry11a.o(.ARM.Collect$$$$0000000F)
    rt_set_PSP                               0x0800019d   Thumb Code     6  hal_cm3.o(.emb_text)
    rt_get_PSP                               0x080001a3   Thumb Code     6  hal_cm3.o(.emb_text)
    os_set_env                               0x080001a9   Thumb Code    24  hal_cm3.o(.emb_text)
    _alloc_box                               0x080001c5   Thumb Code    28  hal_cm3.o(.emb_text)
    _free_box                                0x080001e5   Thumb Code    28  hal_cm3.o(.emb_text)
    SVC_Handler                              0x08000205   Thumb Code   124  hal_cm3.o(.emb_text)
    PendSV_Handler                           0x0800028d   Thumb Code    76  hal_cm3.o(.emb_text)
    SysTick_Handler                          0x080002dd   Thumb Code     8  hal_cm3.o(.emb_text)
    OS_Tick_Handler                          0x080002e5   Thumb Code    12  hal_cm3.o(.emb_text)
    Reset_Handler                            0x080002f1   Thumb Code     8  startup_stm32f303xc.o(.text)
    ADC1_2_IRQHandler                        0x0800030b   Thumb Code     0  startup_stm32f303xc.o(.text)
    ADC3_IRQHandler                          0x0800030b   Thumb Code     0  startup_stm32f303xc.o(.text)
    ADC4_IRQHandler                          0x0800030b   Thumb Code     0  startup_stm32f303xc.o(.text)
    CAN_RX1_IRQHandler                       0x0800030b   Thumb Code     0  startup_stm32f303xc.o(.text)
    CAN_SCE_IRQHandler                       0x0800030b   Thumb Code     0  startup_stm32f303xc.o(.text)
    COMP1_2_3_IRQHandler                     0x0800030b   Thumb Code     0  startup_stm32f303xc.o(.text)
    COMP4_5_6_IRQHandler                     0x0800030b   Thumb Code     0  startup_stm32f303xc.o(.text)
    COMP7_IRQHandler                         0x0800030b   Thumb Code     0  startup_stm32f303xc.o(.text)
    DMA1_Channel1_IRQHandler                 0x0800030b   Thumb Code     0  startup_stm32f303xc.o(.text)
    DMA1_Channel2_IRQHandler                 0x0800030b   Thumb Code     0  startup_stm32f303xc.o(.text)
    DMA1_Channel3_IRQHandler                 0x0800030b   Thumb Code     0  startup_stm32f303xc.o(.text)
    DMA1_Channel4_IRQHandler                 0x0800030b   Thumb Code     0  startup_stm32f303xc.o(.text)
    DMA1_Channel5_IRQHandler                 0x0800030b   Thumb Code     0  startup_stm32f303xc.o(.text)
    DMA1_Channel6_IRQHandler                 0x0800030b   Thumb Code     0  startup_stm32f303xc.o(.text)
    DMA1_Channel7_IRQHandler                 0x0800030b   Thumb Code     0  startup_stm32f303xc.o(.text)
    DMA2_Channel1_IRQHandler                 0x0800030b   Thumb Code     0  startup_stm32f303xc.o(.text)
    DMA2_Channel2_IRQHandler                 0x0800030b   Thumb Code     0  startup_stm32f303xc.o(.text)
    DMA2_Channel3_IRQHandler                 0x0800030b   Thumb Code     0  startup_stm32f303xc.o(.text)
    DMA2_Channel4_IRQHandler                 0x0800030b   Thumb Code     0  startup_stm32f303xc.o(.text)
    DMA2_Channel5_IRQHandler                 0x0800030b   Thumb Code     0  startup_stm32f303xc.o(.text)
    EXTI15_10_IRQHandler                     0x0800030b   Thumb Code     0  startup_stm32f303xc.o(.text)
    EXTI1_IRQHandler                         0x0800030b   Thumb Code     0  startup_stm32f303xc.o(.text)
    EXTI2_TSC_IRQHandler                     0x0800030b   Thumb Code     0  startup_stm32f303xc.o(.text)
    EXTI3_IRQHandler                         0x0800030b   Thumb Code     0  startup_stm32f303xc.o(.text)
    EXTI4_IRQHandler                         0x0800030b   Thumb Code     0  startup_stm32f303xc.o(.text)
    EXTI9_5_IRQHandler                       0x0800030b   Thumb Code     0  startup_stm32f303xc.o(.text)
    FLASH_IRQHandler                         0x0800030b   Thumb Code     0  startup_stm32f303xc.o(.text)
    FPU_IRQHandler                           0x0800030b   Thumb Code     0  startup_stm32f303xc.o(.text)
    I2C1_ER_IRQHandler                       0x0800030b   Thumb Code     0  startup_stm32f303xc.o(.text)
    I2C1_EV_IRQHandler                       0x0800030b   Thumb Code     0  startup_stm32f303xc.o(.text)
    I2C2_ER_IRQHandler                       0x0800030b   Thumb Code     0  startup_stm32f303xc.o(.text)
    I2C2_EV_IRQHandler                       0x0800030b   Thumb Code     0  startup_stm32f303xc.o(.text)
    PVD_IRQHandler                           0x0800030b   Thumb Code     0  startup_stm32f303xc.o(.text)
    RCC_IRQHandler                           0x0800030b   Thumb Code     0  startup_stm32f303xc.o(.text)
    RTC_Alarm_IRQHandler                     0x0800030b   Thumb Code     0  startup_stm32f303xc.o(.text)
    RTC_WKUP_IRQHandler                      0x0800030b   Thumb Code     0  startup_stm32f303xc.o(.text)
    SPI1_IRQHandler                          0x0800030b   Thumb Code     0  startup_stm32f303xc.o(.text)
    SPI2_IRQHandler                          0x0800030b   Thumb Code     0  startup_stm32f303xc.o(.text)
    SPI3_IRQHandler                          0x0800030b   Thumb Code     0  startup_stm32f303xc.o(.text)
    TAMP_STAMP_IRQHandler                    0x0800030b   Thumb Code     0  startup_stm32f303xc.o(.text)
    TIM1_BRK_TIM15_IRQHandler                0x0800030b   Thumb Code     0  startup_stm32f303xc.o(.text)
    TIM1_CC_IRQHandler                       0x0800030b   Thumb Code     0  startup_stm32f303xc.o(.text)
    TIM1_TRG_COM_TIM17_IRQHandler            0x0800030b   Thumb Code     0  startup_stm32f303xc.o(.text)
    TIM1_UP_TIM16_IRQHandler                 0x0800030b   Thumb Code     0  startup_stm32f303xc.o(.text)
    TIM2_IRQHandler                          0x0800030b   Thumb Code     0  startup_stm32f303xc.o(.text)
    TIM3_IRQHandler                          0x0800030b   Thumb Code     0  startup_stm32f303xc.o(.text)
    TIM4_IRQHandler                          0x0800030b   Thumb Code     0  startup_stm32f303xc.o(.text)
    TIM6_DAC_IRQHandler                      0x0800030b   Thumb Code     0  startup_stm32f303xc.o(.text)
    TIM7_IRQHandler                          0x0800030b   Thumb Code     0  startup_stm32f303xc.o(.text)
    TIM8_BRK_IRQHandler                      0x0800030b   Thumb Code     0  startup_stm32f303xc.o(.text)
    TIM8_CC_IRQHandler                       0x0800030b   Thumb Code     0  startup_stm32f303xc.o(.text)
    TIM8_TRG_COM_IRQHandler                  0x0800030b   Thumb Code     0  startup_stm32f303xc.o(.text)
    TIM8_UP_IRQHandler                       0x0800030b   Thumb Code     0  startup_stm32f303xc.o(.text)
    UART4_IRQHandler                         0x0800030b   Thumb Code     0  startup_stm32f303xc.o(.text)
    UART5_IRQHandler                         0x0800030b   Thumb Code     0  startup_stm32f303xc.o(.text)
    USART1_IRQHandler                        0x0800030b   Thumb Code     0  startup_stm32f303xc.o(.text)
    USART2_IRQHandler                        0x0800030b   Thumb Code     0  startup_stm32f303xc.o(.text)
    USART3_IRQHandler                        0x0800030b   Thumb Code     0  startup_stm32f303xc.o(.text)
    USBWakeUp_IRQHandler                     0x0800030b   Thumb Code     0  startup_stm32f303xc.o(.text)
    USBWakeUp_RMP_IRQHandler                 0x0800030b   Thumb Code     0  startup_stm32f303xc.o(.text)
    USB_HP_CAN_TX_IRQHandler                 0x0800030b   Thumb Code     0  startup_stm32f303xc.o(.text)
    USB_HP_IRQHandler                        0x0800030b   Thumb Code     0  startup_stm32f303xc.o(.text)
    USB_LP_CAN_RX0_IRQHandler                0x0800030b   Thumb Code     0  startup_stm32f303xc.o(.text)
    USB_LP_IRQHandler                        0x0800030b   Thumb Code     0  startup_stm32f303xc.o(.text)
    WWDG_IRQHandler                          0x0800030b   Thumb Code     0  startup_stm32f303xc.o(.text)
    rand                                     0x08000315   Thumb Code    20  rand.o(.text)
    srand                                    0x08000329   Thumb Code     6  rand.o(.text)
    __aeabi_memcpy                           0x08000339   Thumb Code    36  memcpya.o(.text)
    __aeabi_memcpy4                          0x08000339   Thumb Code     0  memcpya.o(.text)
    __aeabi_memcpy8                          0x08000339   Thumb Code     0  memcpya.o(.text)
    __aeabi_memset                           0x0800035d   Thumb Code    14  memseta.o(.text)
    __aeabi_memset4                          0x0800035d   Thumb Code     0  memseta.o(.text)
    __aeabi_memset8                          0x0800035d   Thumb Code     0  memseta.o(.text)
    __aeabi_memclr                           0x0800036b   Thumb Code     4  memseta.o(.text)
    __aeabi_memclr4                          0x0800036b   Thumb Code     0  memseta.o(.text)
    __aeabi_memclr8                          0x0800036b   Thumb Code     0  memseta.o(.text)
    _memset$wrapper                          0x0800036f   Thumb Code    18  memseta.o(.text)
    __aeabi_fadd                             0x08000381   Thumb Code   164  fadd.o(.text)
    __aeabi_fsub                             0x08000425   Thumb Code     6  fadd.o(.text)
    __aeabi_frsub                            0x0800042b   Thumb Code     6  fadd.o(.text)
    __aeabi_fmul                             0x08000431   Thumb Code   100  fmul.o(.text)
    __aeabi_fdiv                             0x08000495   Thumb Code   124  fdiv.o(.text)
    __aeabi_ui2f                             0x08000511   Thumb Code    10  ffltui.o(.text)
    __I$use$fp                               0x0800051b   Thumb Code     0  iusefp.o(.text)
    _float_round                             0x0800051b   Thumb Code    18  fepilogue.o(.text)
    _float_epilogue                          0x0800052d   Thumb Code    92  fepilogue.o(.text)
    __scatterload                            0x08000589   Thumb Code    28  init.o(.text)
    __scatterload_rt2                        0x08000589   Thumb Code     0  init.o(.text)
    SVC_Count                                0x080005ac   Data           4  svc_table.o(SVC_TABLE)
    BusFault_Handler                         0x080005b1   Thumb Code     4  stm32f3xx_it.o(i.BusFault_Handler)
    SVC_Table                                0x080005b0   Data           0  svc_table.o(SVC_TABLE)
    CalculateValue                           0x080005b5   Thumb Code   240  task02.o(i.CalculateValue)
    DebugMon_Handler                         0x080006b5   Thumb Code     2  stm32f3xx_it.o(i.DebugMon_Handler)
    DimLED                                   0x080006b9   Thumb Code    28  task02.o(i.DimLED)
    EXTI0_IRQHandler                         0x080006dd   Thumb Code    10  stm32f3xx_it.o(i.EXTI0_IRQHandler)
    FilterData                               0x080006ed   Thumb Code   236  task02.o(i.FilterData)
    GenerateData                             0x080007f1   Thumb Code   114  task02.o(i.GenerateData)
    GetUserInput                             0x08000879   Thumb Code   138  task02.o(i.GetUserInput)
    HAL_GPIO_EXTI_Callback                   0x08000911   Thumb Code    20  task02.o(i.HAL_GPIO_EXTI_Callback)
    HAL_GPIO_EXTI_IRQHandler                 0x08000929   Thumb Code    24  stm32f3xx_hal_gpio.o(i.HAL_GPIO_EXTI_IRQHandler)
    HAL_GPIO_Init                            0x08000945   Thumb Code   428  stm32f3xx_hal_gpio.o(i.HAL_GPIO_Init)
    HAL_GetTick                              0x08000b11   Thumb Code     6  stm32f3xx_hal.o(i.HAL_GetTick)
    HAL_Init                                 0x08000b1d   Thumb Code    34  stm32f3xx_hal.o(i.HAL_Init)
    HAL_InitTick                             0x08000b45   Thumb Code    36  stm32f3xx_hal.o(i.HAL_InitTick)
    HAL_MspInit                              0x08000b69   Thumb Code     2  stm32f3xx_hal.o(i.HAL_MspInit)
    HAL_NVIC_EnableIRQ                       0x08000b6b   Thumb Code    26  stm32f3xx_hal_cortex.o(i.HAL_NVIC_EnableIRQ)
    HAL_NVIC_SetPriority                     0x08000b85   Thumb Code   124  stm32f3xx_hal_cortex.o(i.HAL_NVIC_SetPriority)
    HAL_NVIC_SetPriorityGrouping             0x08000c01   Thumb Code    32  stm32f3xx_hal_cortex.o(i.HAL_NVIC_SetPriorityGrouping)
    HAL_RCC_ClockConfig                      0x08000c29   Thumb Code  1072  stm32f3xx_hal_rcc.o(i.HAL_RCC_ClockConfig)
    HAL_RCC_GetHCLKFreq                      0x0800105d   Thumb Code    42  stm32f3xx_hal_rcc.o(i.HAL_RCC_GetHCLKFreq)
    HAL_RCC_GetSysClockFreq                  0x08001095   Thumb Code   120  stm32f3xx_hal_rcc.o(i.HAL_RCC_GetSysClockFreq)
    HAL_RCC_OscConfig                        0x08001121   Thumb Code  2110  stm32f3xx_hal_rcc.o(i.HAL_RCC_OscConfig)
    HAL_SYSTICK_Config                       0x08001965   Thumb Code    52  stm32f3xx_hal_cortex.o(i.HAL_SYSTICK_Config)
    HardFault_Handler                        0x08001999   Thumb Code     4  stm32f3xx_it.o(i.HardFault_Handler)
    InputData                                0x0800199d   Thumb Code   220  task02.o(i.InputData)
    LightLED                                 0x08001ab5   Thumb Code    28  task02.o(i.LightLED)
    MemManage_Handler                        0x08001ad9   Thumb Code     4  stm32f3xx_it.o(i.MemManage_Handler)
    NMI_Handler                              0x08001add   Thumb Code     2  stm32f3xx_it.o(i.NMI_Handler)
    SetUpPorts                               0x08001b19   Thumb Code    80  task02.o(i.SetUpPorts)
    SystemInit                               0x08001bc1   Thumb Code    90  system_stm32f3xx.o(i.SystemInit)
    ToggleLED                                0x08001c31   Thumb Code    28  task02.o(i.ToggleLED)
    UsageFault_Handler                       0x08001c55   Thumb Code     4  stm32f3xx_it.o(i.UsageFault_Handler)
    __scatterload_copy                       0x08001c59   Thumb Code    14  handlers.o(i.__scatterload_copy)
    __scatterload_null                       0x08001c67   Thumb Code     2  handlers.o(i.__scatterload_null)
    __scatterload_zeroinit                   0x08001c69   Thumb Code    14  handlers.o(i.__scatterload_zeroinit)
    _init_box                                0x08001c77   Thumb Code    88  rt_membox.o(i._init_box)
    board_startup                            0x08001cd1   Thumb Code    64  board_startup.o(i.board_startup)
    isr_evt_set                              0x08001d15   Thumb Code    34  rt_event.o(i.isr_evt_set)
    main                                     0x08001d3d   Thumb Code    38  task02.o(i.main)
    os_error                                 0x08001d71   Thumb Code     4  rtx_conf_cm.o(i.os_error)
    os_idle_demon                            0x08001d75   Thumb Code     4  rtx_conf_cm.o(i.os_idle_demon)
    os_tick_init                             0x08001d79   Thumb Code    38  rt_system.o(i.os_tick_init)
    os_tick_irqack                           0x08001da9   Thumb Code     2  rt_system.o(i.os_tick_irqack)
    os_tmr_call                              0x08001dab   Thumb Code     2  rtx_conf_cm.o(i.os_tmr_call)
    rt_alloc_box                             0x08001dad   Thumb Code    30  rt_membox.o(i.rt_alloc_box)
    rt_block                                 0x08001dcd   Thumb Code    48  rt_task.o(i.rt_block)
    rt_chk_robin                             0x08001e05   Thumb Code    76  rt_robin.o(i.rt_chk_robin)
    rt_dec_dly                               0x08001e5d   Thumb Code   134  rt_list.o(i.rt_dec_dly)
    rt_dispatch                              0x08001ef1   Thumb Code    72  rt_task.o(i.rt_dispatch)
    rt_dly_wait                              0x08001f41   Thumb Code    14  rt_time.o(i.rt_dly_wait)
    rt_evt_psh                               0x08001f51   Thumb Code    84  rt_event.o(i.rt_evt_psh)
    rt_evt_set                               0x08001fa9   Thumb Code   102  rt_event.o(i.rt_evt_set)
    rt_evt_wait                              0x08002015   Thumb Code   110  rt_event.o(i.rt_evt_wait)
    rt_free_box                              0x08002089   Thumb Code    36  rt_membox.o(i.rt_free_box)
    rt_get_first                             0x080020d5   Thumb Code    50  rt_list.o(i.rt_get_first)
    rt_init_robin                            0x08002155   Thumb Code    14  rt_robin.o(i.rt_init_robin)
    rt_init_stack                            0x0800216d   Thumb Code    76  hal_cm3.o(i.rt_init_stack)
    rt_mbx_psh                               0x080021c1   Thumb Code   212  rt_mailbox.o(i.rt_mbx_psh)
    rt_pop_req                               0x08002299   Thumb Code   154  rt_system.o(i.rt_pop_req)
    rt_psh_req                               0x08002341   Thumb Code    24  rt_system.o(i.rt_psh_req)
    rt_psq_enq                               0x08002365   Thumb Code   120  rt_list.o(i.rt_psq_enq)
    rt_put_dly                               0x080023e1   Thumb Code    88  rt_list.o(i.rt_put_dly)
    rt_put_prio                              0x0800243d   Thumb Code    64  rt_list.o(i.rt_put_prio)
    rt_put_rdy_first                         0x0800247d   Thumb Code    16  rt_list.o(i.rt_put_rdy_first)
    rt_rmv_dly                               0x08002491   Thumb Code    40  rt_list.o(i.rt_rmv_dly)
    rt_sem_psh                               0x080024b9   Thumb Code    50  rt_semaphore.o(i.rt_sem_psh)
    rt_stk_check                             0x080024f1   Thumb Code    40  rt_system.o(i.rt_stk_check)
    rt_switch_req                            0x08002521   Thumb Code    10  rt_task.o(i.rt_switch_req)
    rt_sys_init                              0x08002531   Thumb Code   314  rt_task.o(i.rt_sys_init)
    rt_systick                               0x080026b5   Thumb Code    56  rt_system.o(i.rt_systick)
    rt_tmr_tick                              0x080026f9   Thumb Code    66  rt_timer.o(i.rt_tmr_tick)
    rt_tsk_create                            0x08002745   Thumb Code    92  rt_task.o(i.rt_tsk_create)
    rt_tsk_self                              0x080027ad   Thumb Code    18  rt_task.o(i.rt_tsk_self)
    APBAHBPrescTable                         0x080027c4   Data          16  stm32f3xx_hal_rcc.o(.constdata)
    PLLMULFactorTable                        0x080027d4   Data          16  stm32f3xx_hal_rcc.o(.constdata)
    PredivFactorTable                        0x080027e4   Data          16  stm32f3xx_hal_rcc.o(.constdata)
    RL_RTX_Version                           0x080027f4   Data           4  rt_system.o(.constdata)
    os_maxtaskrun                            0x080027f8   Data           2  rtx_conf_cm.o(.constdata)
    os_stackinfo                             0x080027fc   Data           4  rtx_conf_cm.o(.constdata)
    os_rrobin                                0x08002800   Data           4  rtx_conf_cm.o(.constdata)
    os_trv                                   0x08002804   Data           4  rtx_conf_cm.o(.constdata)
    os_flags                                 0x08002808   Data           1  rtx_conf_cm.o(.constdata)
    os_clockrate                             0x0800280c   Data           4  rtx_conf_cm.o(.constdata)
    os_timernum                              0x08002810   Data           4  rtx_conf_cm.o(.constdata)
    mp_tcb_size                              0x08002814   Data           2  rtx_conf_cm.o(.constdata)
    mp_stk_size                              0x08002818   Data           4  rtx_conf_cm.o(.constdata)
    os_fifo_size                             0x0800281c   Data           1  rtx_conf_cm.o(.constdata)
    mp_tmr_size                              0x0800281e   Data           2  rtx_conf_cm.o(.constdata)
    Region$$Table$$Base                      0x0800283c   Number         0  anon$$obj.o(Region$$Table)
    Region$$Table$$Limit                     0x0800285c   Number         0  anon$$obj.o(Region$$Table)
    os_robin                                 0x20000004   Data           8  rt_robin.o(.data)
    os_tick_irqn                             0x2000000c   Data           4  rt_system.o(.data)
    os_tsk                                   0x20000014   Data           8  rt_task.o(.data)
    os_time                                  0x2000001c   Data           4  rt_time.o(.data)
    os_tmr                                   0x20000020   Data           8  rt_timer.o(.data)
    m_tmr                                    0x20000028   Data           4  rtx_conf_cm.o(.data)
    ID                                       0x2000002c   Data           4  task02.o(.data)
    GD                                       0x20000030   Data           4  task02.o(.data)
    FD                                       0x20000034   Data           4  task02.o(.data)
    UB                                       0x20000038   Data           4  task02.o(.data)
    CV                                       0x2000003c   Data           4  task02.o(.data)
    GPIO_E                                   0x20000040   Data           4  task02.o(.data)
    selection                                0x20000044   Data           1  task02.o(.data)
    SystemCoreClock                          0x20000048   Data           4  system_stm32f3xx.o(.data)
    AHBPrescTable                            0x2000004c   Data          16  system_stm32f3xx.o(.data)
    os_rdy                                   0x20000060   Data          24  rt_list.o(.bss)
    os_dly                                   0x20000078   Data          24  rt_list.o(.bss)
    os_idle_TCB                              0x20000090   Data          56  rt_task.o(.bss)
    mp_tcb                                   0x200000c8   Data         348  rtx_conf_cm.o(.bss)
    mp_stk                                   0x20000228   Data        3600  rtx_conf_cm.o(.bss)
    os_fifo                                  0x20001038   Data         132  rtx_conf_cm.o(.bss)
    os_active_TCB                            0x200010bc   Data          24  rtx_conf_cm.o(.bss)
    data_store                               0x200010d4   Data          12  task02.o(.bss)
    input_store                              0x200010e0   Data          12  task02.o(.bss)
    process_store                            0x200010ec   Data          28  task02.o(.bss)
    __initial_sp                             0x20001508   Data           0  startup_stm32f303xc.o(STACK)



==============================================================================

Memory Map of the image

  Image Entry point : 0x08000189

  Load Region LR_IROM1 (Base: 0x08000000, Size: 0x000028bc, Max: 0x00040000, ABSOLUTE)

    Execution Region ER_IROM1 (Base: 0x08000000, Size: 0x0000285c, Max: 0x00040000, ABSOLUTE)

    Base Addr    Size         Type   Attr      Idx    E Section Name        Object

    0x08000000   0x00000188   Data   RO         2097    RESET               startup_stm32f303xc.o
    0x08000188   0x00000000   Code   RO         2134  * .ARM.Collect$$$$00000000  mc_w.l(entry.o)
    0x08000188   0x00000004   Code   RO         2154    .ARM.Collect$$$$00000001  mc_w.l(entry2.o)
    0x0800018c   0x00000004   Code   RO         2157    .ARM.Collect$$$$00000004  mc_w.l(entry5.o)
    0x08000190   0x00000000   Code   RO         2159    .ARM.Collect$$$$00000008  mc_w.l(entry7b.o)
    0x08000190   0x00000000   Code   RO         2161    .ARM.Collect$$$$0000000A  mc_w.l(entry8b.o)
    0x08000190   0x00000008   Code   RO         2162    .ARM.Collect$$$$0000000B  mc_w.l(entry9a.o)
    0x08000198   0x00000000   Code   RO         2164    .ARM.Collect$$$$0000000D  mc_w.l(entry10a.o)
    0x08000198   0x00000000   Code   RO         2166    .ARM.Collect$$$$0000000F  mc_w.l(entry11a.o)
    0x08000198   0x00000004   Code   RO         2155    .ARM.Collect$$$$00002712  mc_w.l(entry2.o)
    0x0800019c   0x00000154   Code   RO         1957    .emb_text           hal_cm3.o
    0x080002f0   0x00000024   Code   RO         2098    .text               startup_stm32f303xc.o
    0x08000314   0x00000024   Code   RO         2137    .text               mc_w.l(rand.o)
    0x08000338   0x00000024   Code   RO         2140    .text               mc_w.l(memcpya.o)
    0x0800035c   0x00000024   Code   RO         2142    .text               mc_w.l(memseta.o)
    0x08000380   0x000000b0   Code   RO         2146    .text               mf_w.l(fadd.o)
    0x08000430   0x00000064   Code   RO         2148    .text               mf_w.l(fmul.o)
    0x08000494   0x0000007c   Code   RO         2150    .text               mf_w.l(fdiv.o)
    0x08000510   0x0000000a   Code   RO         2152    .text               mf_w.l(ffltui.o)
    0x0800051a   0x00000000   Code   RO         2168    .text               mc_w.l(iusefp.o)
    0x0800051a   0x0000006e   Code   RO         2169    .text               mf_w.l(fepilogue.o)
    0x08000588   0x00000024   Code   RO         2171    .text               mc_w.l(init.o)
    0x080005ac   0x00000004   Code   RO         1998    SVC_TABLE           svc_table.o
    0x080005b0   0x00000004   Code   RO         1168    i.BusFault_Handler  stm32f3xx_it.o
    0x080005b4   0x00000100   Code   RO         2003    i.CalculateValue    task02.o
    0x080006b4   0x00000002   Code   RO         1169    i.DebugMon_Handler  stm32f3xx_it.o
    0x080006b6   0x00000002   PAD
    0x080006b8   0x00000024   Code   RO         2004    i.DimLED            task02.o
    0x080006dc   0x0000000a   Code   RO         1170    i.EXTI0_IRQHandler  stm32f3xx_it.o
    0x080006e6   0x00000004   Code   RO         1378    i.Error_Handler     board_startup.o
    0x080006ea   0x00000002   PAD
    0x080006ec   0x00000104   Code   RO         2005    i.FilterData        task02.o
    0x080007f0   0x00000088   Code   RO         2006    i.GenerateData      task02.o
    0x08000878   0x00000098   Code   RO         2007    i.GetUserInput      task02.o
    0x08000910   0x00000018   Code   RO         2008    i.HAL_GPIO_EXTI_Callback  task02.o
    0x08000928   0x0000001c   Code   RO          451    i.HAL_GPIO_EXTI_IRQHandler  stm32f3xx_hal_gpio.o
    0x08000944   0x000001cc   Code   RO          452    i.HAL_GPIO_Init     stm32f3xx_hal_gpio.o
    0x08000b10   0x0000000c   Code   RO           14    i.HAL_GetTick       stm32f3xx_hal.o
    0x08000b1c   0x00000028   Code   RO           16    i.HAL_Init          stm32f3xx_hal.o
    0x08000b44   0x00000024   Code   RO           17    i.HAL_InitTick      stm32f3xx_hal.o
    0x08000b68   0x00000002   Code   RO           19    i.HAL_MspInit       stm32f3xx_hal.o
    0x08000b6a   0x0000001a   Code   RO          260    i.HAL_NVIC_EnableIRQ  stm32f3xx_hal_cortex.o
    0x08000b84   0x0000007c   Code   RO          266    i.HAL_NVIC_SetPriority  stm32f3xx_hal_cortex.o
    0x08000c00   0x00000028   Code   RO          267    i.HAL_NVIC_SetPriorityGrouping  stm32f3xx_hal_cortex.o
    0x08000c28   0x00000434   Code   RO          512    i.HAL_RCC_ClockConfig  stm32f3xx_hal_rcc.o
    0x0800105c   0x00000038   Code   RO          517    i.HAL_RCC_GetHCLKFreq  stm32f3xx_hal_rcc.o
    0x08001094   0x0000008c   Code   RO          521    i.HAL_RCC_GetSysClockFreq  stm32f3xx_hal_rcc.o
    0x08001120   0x00000844   Code   RO          524    i.HAL_RCC_OscConfig  stm32f3xx_hal_rcc.o
    0x08001964   0x00000034   Code   RO          271    i.HAL_SYSTICK_Config  stm32f3xx_hal_cortex.o
    0x08001998   0x00000004   Code   RO         1171    i.HardFault_Handler  stm32f3xx_it.o
    0x0800199c   0x00000118   Code   RO         2009    i.InputData         task02.o
    0x08001ab4   0x00000024   Code   RO         2010    i.LightLED          task02.o
    0x08001ad8   0x00000004   Code   RO         1172    i.MemManage_Handler  stm32f3xx_it.o
    0x08001adc   0x00000002   Code   RO         1173    i.NMI_Handler       stm32f3xx_it.o
    0x08001ade   0x00000002   PAD
    0x08001ae0   0x00000010   Code   RO          273    i.NVIC_GetPriorityGrouping  stm32f3xx_hal_cortex.o
    0x08001af0   0x00000028   Code   RO          274    i.NVIC_SetPriority  stm32f3xx_hal_cortex.o
    0x08001b18   0x00000058   Code   RO         2011    i.SetUpPorts        task02.o
    0x08001b70   0x00000050   Code   RO         1379    i.SystemClock_Config  board_startup.o
    0x08001bc0   0x00000070   Code   RO         2105    i.SystemInit        system_stm32f3xx.o
    0x08001c30   0x00000024   Code   RO         2012    i.ToggleLED         task02.o
    0x08001c54   0x00000004   Code   RO         1174    i.UsageFault_Handler  stm32f3xx_it.o
    0x08001c58   0x0000000e   Code   RO         2175    i.__scatterload_copy  mc_w.l(handlers.o)
    0x08001c66   0x00000002   Code   RO         2176    i.__scatterload_null  mc_w.l(handlers.o)
    0x08001c68   0x0000000e   Code   RO         2177    i.__scatterload_zeroinit  mc_w.l(handlers.o)
    0x08001c76   0x00000058   Code   RO         1604    i._init_box         rt_membox.o
    0x08001cce   0x00000002   PAD
    0x08001cd0   0x00000044   Code   RO         1380    i.board_startup     board_startup.o
    0x08001d14   0x00000028   Code   RO         1409    i.isr_evt_set       rt_event.o
    0x08001d3c   0x00000034   Code   RO         2013    i.main              task02.o
    0x08001d70   0x00000004   Code   RO         1922    i.os_error          rtx_conf_cm.o
    0x08001d74   0x00000004   Code   RO         1923    i.os_idle_demon     rtx_conf_cm.o
    0x08001d78   0x00000030   Code   RO         1694    i.os_tick_init      rt_system.o
    0x08001da8   0x00000002   Code   RO         1695    i.os_tick_irqack    rt_system.o
    0x08001daa   0x00000002   Code   RO         1924    i.os_tmr_call       rtx_conf_cm.o
    0x08001dac   0x0000001e   Code   RO         1605    i.rt_alloc_box      rt_membox.o
    0x08001dca   0x00000002   PAD
    0x08001dcc   0x00000038   Code   RO         1778    i.rt_block          rt_task.o
    0x08001e04   0x00000058   Code   RO         1636    i.rt_chk_robin      rt_robin.o
    0x08001e5c   0x00000094   Code   RO         1470    i.rt_dec_dly        rt_list.o
    0x08001ef0   0x00000050   Code   RO         1779    i.rt_dispatch       rt_task.o
    0x08001f40   0x0000000e   Code   RO         1862    i.rt_dly_wait       rt_time.o
    0x08001f4e   0x00000002   PAD
    0x08001f50   0x00000058   Code   RO         1412    i.rt_evt_psh        rt_event.o
    0x08001fa8   0x0000006c   Code   RO         1413    i.rt_evt_set        rt_event.o
    0x08002014   0x00000074   Code   RO         1414    i.rt_evt_wait       rt_event.o
    0x08002088   0x00000024   Code   RO         1606    i.rt_free_box       rt_membox.o
    0x080020ac   0x00000028   Code   RO         1780    i.rt_get_TID        rt_task.o
    0x080020d4   0x00000032   Code   RO         1471    i.rt_get_first      rt_list.o
    0x08002106   0x00000002   PAD
    0x08002108   0x0000004c   Code   RO         1781    i.rt_init_context   rt_task.o
    0x08002154   0x00000018   Code   RO         1637    i.rt_init_robin     rt_robin.o
    0x0800216c   0x00000054   Code   RO         1961    i.rt_init_stack     hal_cm3.o
    0x080021c0   0x000000d8   Code   RO         1555    i.rt_mbx_psh        rt_mailbox.o
    0x08002298   0x000000a8   Code   RO         1696    i.rt_pop_req        rt_system.o
    0x08002340   0x00000024   Code   RO         1697    i.rt_psh_req        rt_system.o
    0x08002364   0x0000007c   Code   RO         1473    i.rt_psq_enq        rt_list.o
    0x080023e0   0x0000005c   Code   RO         1474    i.rt_put_dly        rt_list.o
    0x0800243c   0x00000040   Code   RO         1475    i.rt_put_prio       rt_list.o
    0x0800247c   0x00000014   Code   RO         1476    i.rt_put_rdy_first  rt_list.o
    0x08002490   0x00000028   Code   RO         1478    i.rt_rmv_dly        rt_list.o
    0x080024b8   0x00000038   Code   RO         1659    i.rt_sem_psh        rt_semaphore.o
    0x080024f0   0x00000030   Code   RO         1699    i.rt_stk_check      rt_system.o
    0x08002520   0x00000010   Code   RO         1782    i.rt_switch_req     rt_task.o
    0x08002530   0x00000184   Code   RO         1783    i.rt_sys_init       rt_task.o
    0x080026b4   0x00000044   Code   RO         1701    i.rt_systick        rt_system.o
    0x080026f8   0x0000004c   Code   RO         1897    i.rt_tmr_tick       rt_timer.o
    0x08002744   0x00000068   Code   RO         1784    i.rt_tsk_create     rt_task.o
    0x080027ac   0x00000018   Code   RO         1788    i.rt_tsk_self       rt_task.o
    0x080027c4   0x00000030   Data   RO          525    .constdata          stm32f3xx_hal_rcc.o
    0x080027f4   0x00000004   Data   RO         1704    .constdata          rt_system.o
    0x080027f8   0x00000028   Data   RO         1926    .constdata          rtx_conf_cm.o
    0x08002820   0x0000001c   Data   RO         2015    .constdata          task02.o
    0x0800283c   0x00000020   Data   RO         2173    Region$$Table       anon$$obj.o


    Execution Region RW_IRAM1 (Base: 0x20000000, Size: 0x00001508, Max: 0x0000c000, ABSOLUTE)

    Base Addr    Size         Type   Attr      Idx    E Section Name        Object

    0x20000000   0x00000004   Data   RW           22    .data               stm32f3xx_hal.o
    0x20000004   0x00000008   Data   RW         1638    .data               rt_robin.o
    0x2000000c   0x00000007   Data   RW         1705    .data               rt_system.o
    0x20000013   0x00000001   PAD
    0x20000014   0x00000008   Data   RW         1790    .data               rt_task.o
    0x2000001c   0x00000004   Data   RW         1866    .data               rt_time.o
    0x20000020   0x00000008   Data   RW         1898    .data               rt_timer.o
    0x20000028   0x00000004   Data   RW         1927    .data               rtx_conf_cm.o
    0x2000002c   0x00000019   Data   RW         2016    .data               task02.o
    0x20000045   0x00000003   PAD
    0x20000048   0x00000014   Data   RW         2106    .data               system_stm32f3xx.o
    0x2000005c   0x00000004   Data   RW         2138    .data               mc_w.l(rand.o)
    0x20000060   0x00000030   Zero   RW         1480    .bss                rt_list.o
    0x20000090   0x00000038   Zero   RW         1789    .bss                rt_task.o
    0x200000c8   0x0000100c   Zero   RW         1925    .bss                rtx_conf_cm.o
    0x200010d4   0x00000034   Zero   RW         2014    .bss                task02.o
    0x20001108   0x00000400   Zero   RW         2095    STACK               startup_stm32f303xc.o


==============================================================================

Image component sizes


      Code (inc. data)   RO Data    RW Data    ZI Data      Debug   Object Name

       152          4          0          0          0       1364   board_startup.o
       424         40          0          0          0       1348   hal_cm3.o
       352         22          0          0          0       4330   rt_event.o
       538         26          0          0         48       6710   rt_list.o
       216          4          0          0          0        661   rt_mailbox.o
       154          0          0          0          0       1873   rt_membox.o
       112         22          0          8          0       1046   rt_robin.o
        56          6          0          0          0        525   rt_semaphore.o
       370         56          4          7          0       3702   rt_system.o
       784        126          0          8         56       5068   rt_task.o
        14          0          0          4          0        640   rt_time.o
        76         10          0          8          0        667   rt_timer.o
        10          0         40          4       4108       9664   rtx_conf_cm.o
        36          8        392          0       1024        788   startup_stm32f303xc.o
        90         12          0          4          0     249650   stm32f3xx_hal.o
       298         22          0          0          0      30251   stm32f3xx_hal_cortex.o
       488         36          0          0          0       2587   stm32f3xx_hal_gpio.o
      3388         84         48          0          0       4949   stm32f3xx_hal_rcc.o
        30          0          0          0          0       3096   stm32f3xx_it.o
         4          4          0          0          0        180   svc_table.o
       112         22          0         20          0       1085   system_stm32f3xx.o
      1356        186         28         25         52      14340   task02.o

    ----------------------------------------------------------------------
      9074        690        544         92       5288     344524   Object Totals
         0          0         32          0          0          0   (incl. Generated)
        14          0          0          4          0          0   (incl. Padding)

    ----------------------------------------------------------------------

      Code (inc. data)   RO Data    RW Data    ZI Data      Debug   Library Member Name

         0          0          0          0          0          0   entry.o
         0          0          0          0          0          0   entry10a.o
         0          0          0          0          0          0   entry11a.o
         8          4          0          0          0          0   entry2.o
         4          0          0          0          0          0   entry5.o
         0          0          0          0          0          0   entry7b.o
         0          0          0          0          0          0   entry8b.o
         8          4          0          0          0          0   entry9a.o
        30          0          0          0          0          0   handlers.o
        36          8          0          0          0         68   init.o
         0          0          0          0          0          0   iusefp.o
        36          0          0          0          0         68   memcpya.o
        36          0          0          0          0        108   memseta.o
        36         10          0          4          0        136   rand.o
       176          0          0          0          0        140   fadd.o
       124          0          0          0          0         88   fdiv.o
       110          0          0          0          0        168   fepilogue.o
        10          0          0          0          0         68   ffltui.o
       100          0          0          0          0         76   fmul.o

    ----------------------------------------------------------------------
       714         26          0          4          0        920   Library Totals
         0          0          0          0          0          0   (incl. Padding)

    ----------------------------------------------------------------------

      Code (inc. data)   RO Data    RW Data    ZI Data      Debug   Library Name

       194         26          0          4          0        380   mc_w.l
       520          0          0          0          0        540   mf_w.l

    ----------------------------------------------------------------------
       714         26          0          4          0        920   Library Totals

    ----------------------------------------------------------------------

==============================================================================


      Code (inc. data)   RO Data    RW Data    ZI Data      Debug   

      9788        716        544         96       5288     341488   Grand Totals
      9788        716        544         96       5288     341488   ELF Image Totals
      9788        716        544         96          0          0   ROM Totals

==============================================================================

    Total RO  Size (Code + RO Data)                10332 (  10.09kB)
    Total RW  Size (RW Data + ZI Data)              5384 (   5.26kB)
    Total ROM Size (Code + RO Data + RW Data)      10428 (  10.18kB)

==============================================================================

